


 PROGRAM MNDO2005.
 VERSION 7.0 OF 4 AUGUST 2005.

 COPYRIGHT BY WALTER THIEL,
 MAX-PLANCK-INSTITUT FUER KOHLENFORSCHUNG,
 D-45470 MUELHEIM, GERMANY.


 ***** STANDARD INPUT USING KEYWORDS *****

 IOP    =   -6     JOP    =    0     IGEOM  =    1     INREFD =    1     IPAROK =    3
 ICUTS  =   -1     ICUTG  =   -1     IEXBAS =    0     ISCF   =    8     IPLSCF =    8
 IPREC  =    0     ICONV  =    3     KHARGE =    0     IMULT  =    0     KITSCF =  999
 IFAST  =    2     IDIAG  =    0


 ***********************************************************************
 * INPUT OF OPTIONS VIA KEYWORDS
 * NUMBER OF MNDO97 KEYWORDS FOUND: 17
 * MOPAC KEYWORDS NOT FOUND: IMOPAC=-1
 ***********************************************************************



 *** OPTIONS FROM THE FIRST LINE OF INPUT    ***
 *** DEFINED EITHER EXPLICITLY OR BY DEFAULT ***

 LIMIT  =    0     IOP    =   -6     JOP    =    0     IGEOM  =    1     IFORM  =    0
 NEXMOL =    1     MPLIB  =    0     IEF    =    0     IDIIS  =    0     INREFD =    1
 IPAROK =    3     MMINP  =    0     NMR    =    0     NSAV7  =    0     NSAV8  =    0
 NSAV9  =    0     NSAV13 =    0     NSAV15 =    0     NSAV16 =    0     IMMOK  =    0
 IHBOND =    0     IFLD1  =    0     IFLD2  =    0     IFLD3  =    0     ICUTS  =   -1
 ICUTG  =   -1     IEXBAS =    0     ICOSMO =    0     IPSANA =    0     IMMDP  =    0
 INAC   =    0



 OM2    

 GEOMETRY OPTIMIZATION FOR ENERGY MINIMUM

 INPUT IN CARTESIAN COORDINATES

 EXPERIMENTAL REFERENCE DATA AS ADDITIONAL INPUT



 EXTERNAL PARAMETERS ARE READ FROM FILE NB14.

  PARAMETER TYPE     ELEMENT(S)     PARAMETER

      USS              H         -12.49428944
      ZS               H           1.30356621
      BETAS            H          -3.18935349
      ALPS             H           0.06772331
      FVAL1            H           0.37922225
      GVAL1            H           0.43522335
      GSS              H          12.88947602
      USS              C         -50.59085859
      UPP              C         -39.56754395
      ZS               C           1.23183797
      BETAS            C          -7.28448802
      BETAP            C          -3.96776648
      BETPI            C          -5.45678314
      BETSH            C          -6.24413902
      BETPH            C          -4.03578686
      ALPS             C           0.08599110
      ALPP             C           0.05342318
      ALPPI            C           0.09977725
      ALPSH            C           0.10275111
      ALPPH            C           0.04222377
      FVAL1            C           0.59625681
      GVAL1            C           0.05748829
      GSS              C          12.21953795
      GPP              C          11.64684090
      GSP              C          11.48956079
      GP2              C           9.82391814
      HSP              C           2.43355546
      USS              O        -105.88881622
      UPP              O         -78.91535296
      ZS               O           1.10020128
      BETAS            O         -13.85486873
      BETAP            O          -9.13302714
      BETPI            O          -9.89562019
      BETSH            O         -13.72147701
      BETPH            O          -9.48893259
      ALPS             O           0.10938428
      ALPP             O           0.09858017
      ALPPI            O           0.18884268
      ALPSH            O           0.14828596
      ALPPH            O           0.08162518
      FVAL1            O           0.59690179
      GVAL1            O           0.08392990
      GSS              O          15.36267017
      GPP              O          15.07692265
      GSP              O          14.57695396
      GP2              O          12.98001617
      HSP              O           3.92156692



 *** OPTIONS FROM THE SECOND LINE OF INPUT   ***
 *** DEFINED EITHER EXPLICITLY OR BY DEFAULT ***


 MAXEND = 9999     MAXLIN =    4     MAXRTL = 9999     ISCF   =    8     IPLSCF =    8
 MIDDLE =    0     IPRINT =    0     KPRINT =    0     LPRINT =    0     MPRINT =    0
 JPRINT =    0     IPREC  =    1     ICONV  =    3     IHESS  =    0     IDFP   =    0
 NREPET =    3     LINITG =   10     LCONVG =   10     LGDUM  =    0     IHDLC1 =    0
 IHDLC2 =    0     IHDLC3 =    0     INGEOM =    0     INTDIR =    0     LINDMS =    0
 LINDIA =    0     LINFRG =    0     INPFRG =    0     INP21  =    0     INP22  =    0
 INP23  =    0     INP24  =    0     INP25  =    0



 CONF_1                                                                          
 CH3COOH                                                                         


     INPUT GEOMETRY


      ATOM      ATOMIC              X-COORDINATE         Y-COORDINATE         Z-COORDINATE
     NUMBER     NUMBER               (ANGSTROMS)          (ANGSTROMS)          (ANGSTROMS)

        1          6                  -2.62679 *            1.02228 *            0.06484 *
        2          6                  -1.36250 *            1.82411 *            0.02372 *
        3          8                  -1.22107 *            2.95847 *            0.41979 *
        4          8                  -0.34728 *            1.11171 *           -0.52874 *
        5          1                  -3.41714 *            1.61534 *            0.50997 *
        6          1                  -2.90080 *            0.72416 *           -0.94521 *
        7          1                  -2.46300 *            0.11528 *            0.64337 *
        8          1                   0.42432 *            1.69905 *           -0.51604 *



     **********

     *  VARIABLES TO BE OPTIMIZED, OF WHICH THERE ARE  24



     INITIAL INTERATOMIC DISTANCES (ANGSTROMS)


             1           2           3           4           5           6           7           8
 ----------------------------------------------------------------------------------------------------
   1      0.00000
   2      1.49768     0.00000
   3      2.41886     1.20981     0.00000
   4      2.35722     1.35772     2.25250     0.00000
   5      1.08375     2.12169     2.57582     3.27973     0.00000
   6      1.08819     2.12487     3.11077     2.61612     1.78279     0.00000
   7      1.08820     2.12489     3.11064     2.61591     1.78280     1.75670     0.00000
   8      3.17879     1.87075     2.27359     0.96979     3.97700     3.49156     3.49130     0.00000



 MOLECULAR CHARGE         0
 NUMBER OF ELECTRONS     24
 DOUBLY OCCUPIED MOS     12


 *** OPTIONS FOR THE MOLECULE UNDER STUDY    ***
 *** DEFINED EITHER EXPLICITLY OR BY DEFAULT ***

 KHARGE =    0     IMULT  =    0     KTRIAL =    0     KGEOM  =    0     IPUBO  =    0
 IUHF   =    0     KITSCF =  999     NPRINT =    0     IFAST  =    2     IDIAG  =    0
 KSYM   =    0     NUMSYM =    0     KCI    =    0     NSTART =    4     NSTEP  =    4

 FAST DIAGONALIZATIONS NOT ALLOWED IN SCF

 CHKANA: IPSANA =  0, ISKPA =  0, ISKPAF =  0



 EXPERIMENTAL REFERENCE DATA.

 PROPERTY DEFINITION  EXPERIMENT EXPERIMENT LITERATURE
 ID1 ID4 ID5 ID6 ID7     VALUE      ERROR    REFERENCE

   1   0   0   0   0  -103.50000    0.00000      99     Ref: Heat of formation 
   2   2   1   0   0     1.49770    0.00000      99     Ref: Bond              
   3   6   1   7   0   107.64000    0.00000      99     Ref: Angle             
   4   3   2   1   5     0.01000    0.00000      99     Ref: Dihed             
  22   0   0   0   0     0.00000    0.00000       0     CNORM                  



 GEOMETRY OPTIMIZATION FOR ENERGY MINIMUM
 CONF_1                                                                          
 CH3COOH                                                                         

 INITIAL GEOMETRY, TOTAL TIME =      0.016 , HEAT =   -78.60571 , GNORM =      235.62167


 *****

 FUNCTION VALUE   -78.60571     IS REPLACED BY VALUE   -86.18550     FOUND IN RESTART PROCEDURE.
 THE CORRESPONDING X VALUES AND GRADIENTS ARE ALSO REPLACED.


 AT THE BEGINNING OF CYCLE    1  THE FUNCTION VALUE IS    -86.18550
 THE CURRENT POINT IS ...

   I         1           2           3           4           5           6           7           8           9          10
 X(I)    -2.63679     1.01228     0.07484    -1.35250     1.81411     0.01372    -1.21107     2.96847     0.42979    -0.33728
 G(I)    37.79629    14.35138     7.30367   -70.28027    -3.17442    13.99705   -16.10871     9.13390     9.64246   -24.98688

   I        11          12          13          14          15          16          17          18          19          20
 X(I)     1.12171    -0.51874    -3.42714     1.62534     0.51997    -2.91080     0.71416    -0.95521    -2.45300     0.10528
 G(I)  -100.99856   -27.77992    35.40693   -21.28636   -18.87940    12.58610    11.01683    33.70697    -4.10102    40.75477

   I        21          22          23          24
 X(I)     0.65337     0.41432     1.68905    -0.52604
 G(I)   -26.97912    29.68757    50.20247     8.98830

 ANGLE COSINE   =  0.7170E+00
 ALPHA.P.G TEST =  0.2430E+02
 GRADIENT NORM  =  0.1680E+03

 TERMINATION TESTS ...
 FUNCTION EVALUATIONS =   3
 RELATIVE CHANGE IN X = 0.2596E-01
 ABSOLUTE CHANGE IN F = 0.9525E+01
 GRADIENT NORM        = 0.8071E+02

 TOTAL TIME             0.024 SECONDS


 *****

 AT THE BEGINNING OF CYCLE    2  THE FUNCTION VALUE IS    -95.71071
 THE CURRENT POINT IS ...

   I         1           2           3           4           5           6           7           8           9          10
 X(I)    -2.67065     0.99812     0.06843    -1.31642     1.81460     0.00965    -1.19470     2.96706     0.42573    -0.31387
 G(I)     2.42917    30.86521   -37.57332    22.39353     6.47243    -6.09115   -13.00221    -4.61112     3.25066     3.14199

   I        11          12          13          14          15          16          17          18          19          20
 X(I)     1.16079    -0.49347    -3.47196     1.66206     0.57492    -2.97055     0.68037    -0.97942    -2.43290     0.00528
 G(I)   -15.83221    -2.74499     3.71179     3.89774     0.56145     6.20227     5.97202    12.02465    12.03159   -28.20391

   I        21          22          23          24
 X(I)     0.75337     0.40009     1.65637    -0.56648
 G(I)    21.38263   -36.90814     1.43983     9.19006

 ANGLE COSINE   =  0.7082E+00
 ALPHA.P.G TEST =  0.1153E+02

 TERMINATION TESTS ...
 FUNCTION EVALUATIONS =   4
 RELATIVE CHANGE IN X = 0.1421E-01
 ABSOLUTE CHANGE IN F = 0.2579E+01
 GRADIENT NORM        = 0.6080E+02

 TOTAL TIME             0.028 SECONDS


 *****

 AT THE BEGINNING OF CYCLE    3  THE FUNCTION VALUE IS    -98.28960
 THE CURRENT POINT IS ...

   I         1           2           3           4           5           6           7           8           9          10
 X(I)    -2.68049     0.96880     0.09507    -1.31773     1.81386     0.01020    -1.17957     2.96733     0.42361    -0.31086
 G(I)    14.22810   -20.10396    15.16814    31.81742     2.36823   -14.34543    -5.54527    -2.40013     4.07586    -5.74728

   I        11          12          13          14          15          16          17          18          19          20
 X(I)     1.17522    -0.48539    -3.48654     1.66497     0.58648    -3.00976     0.65678    -0.99250    -2.47849     0.04077
 G(I)    -1.32323     7.20989    -3.05878     9.57987     3.65540    -2.67078    -3.36326   -11.38634     0.27523    15.16717

   I        21          22          23          24
 X(I)     0.70930     0.41183     1.64787    -0.61131
 G(I)   -10.43539   -29.29863     0.07531     6.05786

 ANGLE COSINE   =  0.6863E+00
 ALPHA.P.G TEST =  0.4629E+01

 TERMINATION TESTS ...
 FUNCTION EVALUATIONS =   5
 RELATIVE CHANGE IN X = 0.6823E-02
 ABSOLUTE CHANGE IN F = 0.1239E+01
 GRADIENT NORM        = 0.2638E+02

 TOTAL TIME             0.032 SECONDS


 *****

 AT THE BEGINNING OF CYCLE    4  THE FUNCTION VALUE IS    -99.52831
 THE CURRENT POINT IS ...

   I         1           2           3           4           5           6           7           8           9          10
 X(I)    -2.69206     0.97627     0.09308    -1.33315     1.81331     0.01394    -1.17115     2.96779     0.42177    -0.30681
 G(I)     3.78875     2.95861     8.15381    -5.81272     3.22707    -4.42560    -0.41794     2.73226     4.78484     3.57554

   I        11          12          13          14          15          16          17          18          19          20
 X(I)     1.17813    -0.48943    -3.48567     1.65069     0.57869    -3.00877     0.65941    -0.98878    -2.49496     0.02723
 G(I)   -15.64767     2.31168     7.21150     0.24061    -2.03765    -1.12727    -2.16815    -7.39344     1.70836     2.08134

   I        21          22          23          24
 X(I)     0.72132     0.42755     1.64687    -0.64519
 G(I)    -1.44955    -8.92621     6.57592     0.05591

 ANGLE COSINE   =  0.6439E+00
 ALPHA.P.G TEST =  0.9060E+00

 TERMINATION TESTS ...
 FUNCTION EVALUATIONS =   6
 RELATIVE CHANGE IN X = 0.4642E-02
 ABSOLUTE CHANGE IN F = 0.3658E+00
 GRADIENT NORM        = 0.1995E+02

 TOTAL TIME             0.040 SECONDS


 *****

 AT THE BEGINNING OF CYCLE    5  THE FUNCTION VALUE IS    -99.89411
 THE CURRENT POINT IS ...

   I         1           2           3           4           5           6           7           8           9          10
 X(I)    -2.70038     0.97191     0.08730    -1.33435     1.81252     0.01654    -1.16655     2.96748     0.41872    -0.30906
 G(I)    -0.13030    -2.04919    -5.58148    -1.90380     1.84334    -4.62265     2.08756    -0.09973     2.36097    -7.35046

   I        11          12          13          14          15          16          17          18          19          20
 X(I)     1.18745    -0.49207    -3.49738     1.64644     0.58447    -3.00680     0.66508    -0.98315    -2.51415     0.02127
 G(I)   -10.26965     7.56937     3.84919     1.92192     0.87070     1.76902     0.57007     1.21788     0.99564    -0.36400

   I        21          22          23          24
 X(I)     0.72620     0.43821     1.64077    -0.66026
 G(I)     1.15627     0.68317     8.44725    -2.97106

 ANGLE COSINE   =  0.6063E+00
 ALPHA.P.G TEST =  0.4395E+00

 TERMINATION TESTS ...
 FUNCTION EVALUATIONS =   7
 RELATIVE CHANGE IN X = 0.5280E-02
 ABSOLUTE CHANGE IN F = 0.2141E+00
 GRADIENT NORM        = 0.2590E+02

 TOTAL TIME             0.044 SECONDS


 *****

 AT THE BEGINNING OF CYCLE    6  THE FUNCTION VALUE IS   -100.10818
 THE CURRENT POINT IS ...

   I         1           2           3           4           5           6           7           8           9          10
 X(I)    -2.70879     0.97131     0.08897    -1.33557     1.81148     0.02060    -1.16400     2.96730     0.41484    -0.30145
 G(I)    -2.80147    -1.39535    -6.78549   -10.28631     6.90067     2.57202     4.01055    -2.83618    -0.53376    16.92077

   I        11          12          13          14          15          16          17          18          19          20
 X(I)     1.20064    -0.50249    -3.51310     1.63789     0.58581    -3.01698     0.66670    -0.98002    -2.53742     0.01512
 G(I)     0.01267    -0.12669     2.37091     0.40321     0.90912     1.16216     0.48275     2.65220    -0.47243    -1.46185

   I        21          22          23          24
 X(I)     0.72704     0.44801     1.62862    -0.66131
 G(I)     1.73500   -10.90418    -2.10592    -0.42241

 ANGLE COSINE   =  0.4830E+00
 ALPHA.P.G TEST =  0.5185E+00

 TERMINATION TESTS ...
 FUNCTION EVALUATIONS =   8
 RELATIVE CHANGE IN X = 0.3537E-02
 ABSOLUTE CHANGE IN F = 0.1527E+00
 GRADIENT NORM        = 0.1461E+02

 TOTAL TIME             0.048 SECONDS


 *****

 AT THE BEGINNING OF CYCLE    7  THE FUNCTION VALUE IS   -100.26091
 THE CURRENT POINT IS ...

   I         1           2           3           4           5           6           7           8           9          10
 X(I)    -2.71160     0.97489     0.09478    -1.33220     1.80999     0.02245    -1.16665     2.96762     0.41287    -0.30921
 G(I)    -2.96396     3.67562    -0.38487     4.19966     0.76359    -1.26599     3.48097    -5.20718    -2.39557    -4.58692

   I        11          12          13          14          15          16          17          18          19          20
 X(I)     1.20791    -0.50949    -3.52407     1.63141     0.58280    -3.02782     0.66647    -0.97993    -2.54634     0.01094
 G(I)     4.85783     6.93920     2.39409    -2.04572    -0.97093    -1.22870    -1.20240    -1.29836    -0.88863    -2.61833

   I        21          22          23          24
 X(I)     0.72562     0.45771     1.62257    -0.65819
 G(I)     1.54364    -0.40650     1.77658    -2.16712

 ANGLE COSINE   =  0.5616E+00
 ALPHA.P.G TEST =  0.2282E+00

 TERMINATION TESTS ...
 FUNCTION EVALUATIONS =   9
 RELATIVE CHANGE IN X = 0.2464E-02
 ABSOLUTE CHANGE IN F = 0.1079E+00
 GRADIENT NORM        = 0.7309E+01

 TOTAL TIME             0.048 SECONDS


 *****

 AT THE BEGINNING OF CYCLE    8  THE FUNCTION VALUE IS   -100.36883
 THE CURRENT POINT IS ...

   I         1           2           3           4           5           6           7           8           9          10
 X(I)    -2.70869     0.97457     0.09566    -1.33202     1.80940     0.02289    -1.17216     2.96847     0.41357    -0.31098
 G(I)     0.89693    -0.25085    -1.09288     2.55464    -0.42854    -0.00167     2.02590    -2.32333    -1.50826    -3.09537

   I        11          12          13          14          15          16          17          18          19          20
 X(I)     1.20676    -0.51672    -3.52870     1.63310     0.58358    -3.02341     0.67089    -0.97870    -2.54047     0.01387
 G(I)     1.16447     3.62547    -0.81475     0.37460     0.37131    -0.67367    -0.52277    -0.13299    -0.68190    -0.28502

   I        21          22          23          24
 X(I)     0.72221     0.46022     1.62126    -0.64600
 G(I)    -0.09840    -0.21180     2.27144    -1.16259

 ANGLE COSINE   =  0.5179E+00
 ALPHA.P.G TEST =  0.7331E-01

 TERMINATION TESTS ...
 FUNCTION EVALUATIONS =  10
 RELATIVE CHANGE IN X = 0.2520E-02
 ABSOLUTE CHANGE IN F = 0.4178E-01
 GRADIENT NORM        = 0.4061E+01

 TOTAL TIME             0.052 SECONDS


 *****

 AT THE BEGINNING OF CYCLE    9  THE FUNCTION VALUE IS   -100.41061
 THE CURRENT POINT IS ...

   I         1           2           3           4           5           6           7           8           9          10
 X(I)    -2.70936     0.97532     0.09797    -1.33192     1.80884     0.02329    -1.17814     2.96932     0.41421    -0.31236
 G(I)    -0.67797    -0.41437    -0.04774     1.75066    -1.40563     1.22789     0.69517     0.25056    -0.85581    -0.43965

   I        11          12          13          14          15          16          17          18          19          20
 X(I)     1.20750    -0.52504    -3.53172     1.63136     0.58194    -3.01838     0.67568    -0.97748    -2.53563     0.01529
 G(I)    -1.18971     0.10209    -0.72173    -0.00337    -0.33560     0.04466     0.21114     0.72859    -0.11179     0.53765

   I        21          22          23          24
 X(I)     0.72108     0.46418     1.61762    -0.63349
 G(I)    -0.73822    -0.53935     2.01372    -0.08119

 ANGLE COSINE   =  0.5388E+00
 ALPHA.P.G TEST =  0.4333E-01

 TERMINATION TESTS ...
 FUNCTION EVALUATIONS =  12
 RELATIVE CHANGE IN X = 0.1586E-02
 ABSOLUTE CHANGE IN F = 0.1368E-01
 GRADIENT NORM        = 0.5263E+01

 TOTAL TIME             0.060 SECONDS


 *****

 AT THE BEGINNING OF CYCLE   10  THE FUNCTION VALUE IS   -100.42429
 THE CURRENT POINT IS ...

   I         1           2           3           4           5           6           7           8           9          10
 X(I)    -2.70848     0.97544     0.09968    -1.33359     1.80885     0.02298    -1.18230     2.96965     0.41495    -0.31335
 G(I)     1.26073     1.13037     0.12505    -1.28878    -2.60708     2.00487     0.46307     1.26755    -0.68277     1.42140

   I        11          12          13          14          15          16          17          18          19          20
 X(I)     1.21010    -0.52967    -3.53345     1.63045     0.58430    -3.01788     0.67647    -0.97789    -2.53512     0.01411
 G(I)    -1.19759    -1.42630    -1.48016     0.37543     0.05549    -0.13311     0.21432    -0.41774    -0.00496    -0.46788

   I        21          22          23          24
 X(I)     0.72484     0.46829     1.61222    -0.62806
 G(I)     0.17302    -0.23818     1.28487     0.16838

 ANGLE COSINE   =  0.4970E+00
 ALPHA.P.G TEST =  0.3260E-01

 TERMINATION TESTS ...
 FUNCTION EVALUATIONS =  14
 RELATIVE CHANGE IN X = 0.1972E-02
 ABSOLUTE CHANGE IN F = 0.2035E-01
 GRADIENT NORM        = 0.3844E+01

 TOTAL TIME             0.064 SECONDS


 *****

 AT THE BEGINNING OF CYCLE   11  THE FUNCTION VALUE IS   -100.44463
 THE CURRENT POINT IS ...

   I         1           2           3           4           5           6           7           8           9          10
 X(I)    -2.70949     0.97265     0.10044    -1.33530     1.81043     0.02053    -1.18780     2.96941     0.41721    -0.31490
 G(I)    -1.80486     0.53683     1.03232     0.31372    -1.18564     0.92706     0.07983    -0.51163    -0.95642     1.25747

   I        11          12          13          14          15          16          17          18          19          20
 X(I)     1.21274    -0.52995    -3.52720     1.62902     0.58725    -3.01468     0.67445    -0.97827    -2.53188     0.01533
 G(I)     0.96117    -0.57699     0.70196    -0.45721    -0.33707     0.55925     0.58844    -0.80393     0.06390     0.02919

   I        21          22          23          24
 X(I)     0.72946     0.47080     1.60457    -0.62464
 G(I)     0.46508    -1.17128     0.03885     0.24996

 ANGLE COSINE   =  0.5270E+00
 ALPHA.P.G TEST =  0.3137E-01

 TERMINATION TESTS ...
 FUNCTION EVALUATIONS =  16
 RELATIVE CHANGE IN X = 0.1451E-02
 ABSOLUTE CHANGE IN F = 0.1153E-01
 GRADIENT NORM        = 0.3166E+01

 TOTAL TIME             0.068 SECONDS


 *****

 AT THE BEGINNING OF CYCLE   12  THE FUNCTION VALUE IS   -100.45616
 THE CURRENT POINT IS ...

   I         1           2           3           4           5           6           7           8           9          10
 X(I)    -2.70701     0.97073     0.09880    -1.33691     1.81192     0.01845    -1.19074     2.96938     0.41949    -0.31652
 G(I)     1.05034    -0.42372     0.17630     0.06905    -1.02071     0.27844    -0.01854    -1.02422    -0.76549    -1.51082

   I        11          12          13          14          15          16          17          18          19          20
 X(I)     1.21286    -0.52847    -3.52382     1.62953     0.58998    -3.01854     0.66888    -0.97746    -2.52951     0.01502
 G(I)     0.89817     0.67395     0.07117     0.58768     0.50916     0.17553     0.19560    -1.00514    -0.28759     0.31626

   I        21          22          23          24
 X(I)     0.72931     0.47208     1.60053    -0.62488
 G(I)     0.29204     0.45088     0.47094    -0.15926

 ANGLE COSINE   =  0.4279E+00
 ALPHA.P.G TEST =  0.1544E-01

 TERMINATION TESTS ...
 FUNCTION EVALUATIONS =  18
 RELATIVE CHANGE IN X = 0.1547E-02
 ABSOLUTE CHANGE IN F = 0.8238E-02
 GRADIENT NORM        = 0.1406E+01

 TOTAL TIME             0.072 SECONDS


 *****

 AT THE BEGINNING OF CYCLE   13  THE FUNCTION VALUE IS   -100.46440
 THE CURRENT POINT IS ...

   I         1           2           3           4           5           6           7           8           9          10
 X(I)    -2.70725     0.97002     0.09734    -1.33739     1.81318     0.01675    -1.19331     2.96986     0.42190    -0.31643
 G(I)    -0.04746    -0.02437    -0.15247    -0.33300    -0.61726     0.59479    -0.38199     0.42056     0.01323     0.31108

   I        11          12          13          14          15          16          17          18          19          20
 X(I)     1.21231    -0.52932    -3.52316     1.62749     0.58856    -3.02345     0.66389    -0.97470    -2.52449     0.01344
 G(I)    -0.26500    -0.30777     0.59143     0.27954    -0.10649    -0.01227    -0.02775     0.13154    -0.09605     0.06278

   I        21          22          23          24
 X(I)     0.72533     0.47357     1.59685    -0.62292
 G(I)    -0.12662    -0.03174     0.17151    -0.04622

 ANGLE COSINE   =  0.4761E+00
 ALPHA.P.G TEST =  0.8129E-02

 TERMINATION TESTS ...
 FUNCTION EVALUATIONS =  20
 RELATIVE CHANGE IN X = 0.7651E-03
 ABSOLUTE CHANGE IN F = 0.2009E-02
 GRADIENT NORM        = 0.1364E+01

 TOTAL TIME             0.076 SECONDS


 *****

 AT THE BEGINNING OF CYCLE   14  THE FUNCTION VALUE IS   -100.46641
 THE CURRENT POINT IS ...

   I         1           2           3           4           5           6           7           8           9          10
 X(I)    -2.70774     0.96966     0.09772    -1.33745     1.81373     0.01605    -1.19335     2.96986     0.42243    -0.31684
 G(I)    -0.19374     0.08077    -0.15115     0.70715    -0.65499     0.18034    -0.31951     0.07301    -0.12220    -0.37320

   I        11          12          13          14          15          16          17          18          19          20
 X(I)     1.21343    -0.53004    -3.52597     1.62499     0.58923    -3.02500     0.66297    -0.97403    -2.52317     0.01254
 G(I)     0.53165     0.08123     0.08233     0.28957    -0.04364    -0.13528    -0.05973     0.11095    -0.05488    -0.25227

   I        21          22          23          24
 X(I)     0.72550     0.47521     1.59424    -0.62146
 G(I)     0.02093     0.28714    -0.00800    -0.07646

 ANGLE COSINE   =  0.4912E+00
 ALPHA.P.G TEST =  0.4026E-02

 TERMINATION TESTS ...
 FUNCTION EVALUATIONS =  22
 RELATIVE CHANGE IN X = 0.9283E-03
 ABSOLUTE CHANGE IN F = 0.2441E-02
 GRADIENT NORM        = 0.1199E+01

 TOTAL TIME             0.080 SECONDS


 *****

 AT THE BEGINNING OF CYCLE   15  THE FUNCTION VALUE IS   -100.46885
 THE CURRENT POINT IS ...

   I         1           2           3           4           5           6           7           8           9          10
 X(I)    -2.70704     0.96941     0.09789    -1.33810     1.81478     0.01469    -1.19130     2.96969     0.42332    -0.31672
 G(I)     0.09919     0.02000     0.16208    -0.11593    -0.15918    -0.26040    -0.10396    -0.18623     0.05961     0.84972

   I        11          12          13          14          15          16          17          18          19          20
 X(I)     1.21238    -0.52860    -3.52768     1.62148     0.59004    -3.02396     0.66214    -0.97396    -2.51875     0.01348
 G(I)     0.38045     0.06371    -0.14381     0.17522     0.02252    -0.07016     0.02009    -0.01547    -0.00300    -0.01635

   I        21          22          23          24
 X(I)     0.72587     0.47452     1.59366    -0.62007
 G(I)    -0.01437    -0.51204    -0.23399    -0.01768

 ANGLE COSINE   =  0.3407E+00
 ALPHA.P.G TEST =  0.2977E-02

 TERMINATION TESTS ...
 FUNCTION EVALUATIONS =  23
 RELATIVE CHANGE IN X = 0.2279E-03
 ABSOLUTE CHANGE IN F = 0.4652E-03
 GRADIENT NORM        = 0.4982E+00

 TEST ON GNORM SATISFIED

 TOTAL TIME             0.084 SECONDS



     CONF_1                                                                          
     CH3COOH                                                                         



     EIGENVALUES AND EIGENVECTORS.


                         1           2           3           4           5           6           7           8           9

                    -47.94987   -42.64339   -24.75457   -21.34582   -17.15901   -16.08737   -15.98662   -13.87635   -13.80100

  1  C (1)   s        0.02520     0.01396     0.66561    -0.45715    -0.10152     0.00027     0.14608     0.01442    -0.00013
  2  C (1)   x        0.02294    -0.00304     0.07983     0.12016     0.08934    -0.09567    -0.30288    -0.49841    -0.16164
  3  C (1)   y        0.00285     0.02783     0.02708     0.01213     0.21071     0.12279    -0.26348     0.38779     0.21208
  4  C (1)   z       -0.00580     0.01182    -0.01347    -0.03163     0.05521    -0.31508    -0.01078     0.28928    -0.56929

  5  C (2)   s        0.27113     0.17710     0.42458     0.23573     0.38743     0.00011    -0.08475    -0.10655     0.00182
  6  C (2)   x        0.12268    -0.04030    -0.17032     0.24563    -0.12293    -0.13272     0.40285     0.12828     0.01186
  7  C (2)   y       -0.01083     0.20973    -0.19784    -0.09431     0.24542     0.17259     0.10740     0.13059    -0.01982
  8  C (2)   z       -0.04115     0.09442    -0.02592    -0.11103     0.13269    -0.44144    -0.07902     0.01342     0.04626

  9  O (3)   s        0.31678     0.87084    -0.11886    -0.06667    -0.29243     0.00023    -0.03446    -0.02328     0.00017
 10  O (3)   x        0.02241    -0.02992    -0.07223     0.08431    -0.16821    -0.10410     0.33507     0.07013     0.01267
 11  O (3)   y       -0.07871    -0.13028    -0.08119    -0.07011    -0.57591     0.13646    -0.06744    -0.08652    -0.01769
 12  O (3)   z       -0.03763    -0.04212    -0.00995    -0.05292    -0.17571    -0.34609    -0.12726    -0.05438     0.04708

 13  O (4)   s        0.87228    -0.35882    -0.05994    -0.04873    -0.10688    -0.00019    -0.13531     0.08116    -0.00129
 14  O (4)   x        0.00725    -0.02147    -0.36558    -0.62657     0.26011    -0.17288    -0.00182    -0.16599     0.14453
 15  O (4)   y        0.11577     0.00157    -0.05298     0.03956     0.28441     0.22428     0.59122    -0.22310    -0.18005
 16  O (4)   z        0.04301     0.00719     0.08963     0.20455     0.03231    -0.57229     0.23218    -0.02615     0.46950

 17  H (5)   s       -0.00251     0.00828     0.16784    -0.20515     0.00129     0.00206     0.10363     0.54663    -0.00650

 18  H (6)   s        0.00156    -0.00453     0.18509    -0.15886    -0.13584     0.19577     0.17430    -0.17035     0.40511

 19  H (7)   s        0.00152    -0.00440     0.18503    -0.15932    -0.13443    -0.19737     0.17411    -0.17822    -0.40193

 20  H (8)   s        0.15420    -0.07494    -0.17263    -0.29656     0.13159     0.00007     0.05234    -0.11041     0.00180



                        10          11          12          13          14          15          16          17          18

                    -13.45673   -12.15131   -11.30390     0.56164     3.32916     3.81035     4.37761     4.43324     6.46436

  1  C (1)   s        0.01010     0.00002    -0.07269    -0.00049     0.49268    -0.24513    -0.03482     0.00135     0.02663
  2  C (1)   x        0.11963     0.04614    -0.24701    -0.01143     0.30935     0.44484     0.38843    -0.19008     0.11450
  3  C (1)   y        0.38783    -0.05944    -0.20837     0.01316     0.18128     0.38916    -0.43326     0.24062     0.14092
  4  C (1)   z        0.11400     0.15176    -0.00633    -0.03509    -0.02290     0.01450    -0.29861    -0.59756     0.02044

  5  C (2)   s        0.06609     0.00015    -0.10665     0.00106    -0.47763    -0.29202    -0.03034     0.00155     0.30830
  6  C (2)   x       -0.12224    -0.07395     0.12035    -0.21730     0.23899     0.00521     0.09864     0.04906     0.51791
  7  C (2)   y       -0.31387     0.09588     0.10156     0.28197     0.21918     0.09395    -0.06811    -0.06509     0.05328
  8  C (2)   z       -0.08586    -0.24487     0.00357    -0.72020     0.01230     0.03528    -0.05324     0.16847    -0.13483

  9  O (3)   s        0.09133     0.00003    -0.00274    -0.00004     0.03182     0.02486     0.02150    -0.00041    -0.05483
 10  O (3)   x       -0.10917    -0.21022    -0.85197     0.13192    -0.08031    -0.01452    -0.03022    -0.01874    -0.06497
 11  O (3)   y        0.44400     0.27395    -0.03325    -0.17117    -0.15877    -0.11867    -0.07814     0.02659     0.18707
 12  O (3)   z        0.20773    -0.69693     0.24378     0.43748    -0.03751    -0.04223    -0.02277    -0.06313     0.09292

 13  O (4)   s       -0.09483     0.00007     0.04618    -0.00008     0.08174     0.06060    -0.02751     0.00021    -0.02865
 14  O (4)   x        0.06360     0.13742    -0.13422     0.06590    -0.10160    -0.11170     0.04334    -0.01150     0.46031
 15  O (4)   y        0.52143    -0.17799     0.13359    -0.08531     0.07907     0.08087    -0.03051     0.01476    -0.07916
 16  O (4)   z        0.18608     0.45542     0.09249     0.21714     0.06174     0.06523    -0.02573    -0.03725    -0.16991

 17  H (5)   s        0.15144    -0.00140     0.03960    -0.00147    -0.27141     0.28408     0.65959    -0.01641     0.00759

 18  H (6)   s       -0.20173    -0.12920     0.09013    -0.16654    -0.26533     0.42804    -0.24161    -0.49876     0.06756

 19  H (7)   s       -0.19955     0.13066     0.08975     0.16869    -0.26468     0.43031    -0.21687     0.50799     0.06668

 20  H (8)   s        0.11587    -0.00007    -0.05812    -0.00005    -0.13958    -0.04769     0.01427    -0.00013    -0.52331



                        19          20
                      7.07814     8.80077

  1  C (1)   s        0.05863    -0.04149
  2  C (1)   x        0.07363    -0.13612
  3  C (1)   y        0.16338     0.00901
  4  C (1)   z        0.04154     0.04481

  5  C (2)   s        0.08849    -0.24021
  6  C (2)   x        0.50647    -0.07898
  7  C (2)   y       -0.22605    -0.68677
  8  C (2)   z       -0.24134    -0.24553

  9  O (3)   s        0.02932     0.14548
 10  O (3)   x       -0.12093    -0.06052
 11  O (3)   y       -0.10468    -0.45611
 12  O (3)   z       -0.00464    -0.16084

 13  O (4)   s       -0.21192     0.01146
 14  O (4)   x       -0.06642     0.20215
 15  O (4)   y       -0.25844     0.06013
 16  O (4)   z       -0.08076    -0.03740

 17  H (5)   s       -0.05422    -0.05364

 18  H (6)   s        0.03971     0.00729

 19  H (7)   s        0.03880     0.00664

 20  H (8)   s        0.65873    -0.27215




     SCF HEAT OF FORMATION     -100.46932 KCAL/MOL
     SCF BINDING ENERGY         -33.37996 EV
     SCF TOTAL ENERGY          -988.17521 EV
     ELECTRONIC ENERGY        -2526.14503 EV
     NUCLEAR ENERGY            1537.96983 EV
     IONIZATION ENERGY           11.30390 EV
     SCF CYCLES                   2



     NET ATOMIC CHARGES AND ORBITAL POPULATIONS.

     ATOM    I        CHARGE      DENSITY        S          PX          PY          PZ

      C      1       -0.48645     4.48645     1.38019     0.96443     1.04656     1.09526
      C      2        0.96246     3.03754     1.05018     0.70505     0.65832     0.62399
      O      3       -0.72410     6.72410     1.94575     1.90433     1.34122     1.53279
      O      4       -0.92955     6.92955     1.88606     1.42737     1.80422     1.81189
      H      5        0.19115     0.80885     0.80885
      H      6        0.18936     0.81064     0.81064
      H      7        0.18952     0.81048     0.81048
      H      8        0.60760     0.39240     0.39240



     DIPOLE              X           Y           Z         TOTAL

     POINT-CHARGE    -1.19853    -2.86233    -0.76271     3.19549
     HYBRID           0.99216     0.29911    -0.18150     1.05204
     SUM             -0.20636    -2.56323    -0.94421     2.73939



 CONF_1                                                                          
 CH3COOH                                                                         



 OPTIMIZATION FINISHED AFTER  15 CYCLES AND  24 FUNCTION EVALUATIONS

 FINAL HEAT OF FORMATION     -100.46932 KCAL/MOL



 FINAL VARIABLES AND GRADIENTS


   I         1           2           3           4           5           6           7           8           9          10
 X(I)    -2.70696     0.96936     0.09784    -1.33823     1.81497     0.01459    -1.19112     2.96972     0.42346    -0.31719
 G(I)     0.01594     0.03526     0.09995    -0.00884    -0.07198    -0.27200    -0.13876    -0.25490     0.04134     0.16971

   I        11          12          13          14          15          16          17          18          19          20
 X(I)     1.21216    -0.52885    -3.52790     1.62060     0.59013    -3.02345     0.66202    -0.97389    -2.51801     0.01370
 G(I)     0.04766     0.09221    -0.07912     0.07364    -0.00083    -0.00573     0.06824     0.08643     0.00527     0.04826

   I        21          22          23          24
 X(I)     0.72592     0.47471     1.59344    -0.61910
 G(I)    -0.01861     0.04153     0.05382    -0.02849



 FINAL OPTIMIZED GRADIENT NORM                0.49822

 FINAL CARTESIAN GRADIENT NORM                0.49822




      ATOM      ATOMIC              X-COORDINATE         Y-COORDINATE         Z-COORDINATE
     NUMBER     NUMBER               (ANGSTROMS)          (ANGSTROMS)          (ANGSTROMS)

        1          6                  -2.70696 *            0.96936 *            0.09784 *
        2          6                  -1.33823 *            1.81497 *            0.01459 *
        3          8                  -1.19112 *            2.96972 *            0.42346 *
        4          8                  -0.31719 *            1.21216 *           -0.52885 *
        5          1                  -3.52790 *            1.62060 *            0.59013 *
        6          1                  -3.02345 *            0.66202 *           -0.97389 *
        7          1                  -2.51801 *            0.01370 *            0.72592 *
        8          1                   0.47471 *            1.59344 *           -0.61910 *



 INTERATOMIC DISTANCES (ANGSTROMS)



             1           2           3           4           5           6           7           8
 ----------------------------------------------------------------------------------------------------
   1      0.00000
   2      1.61103     0.00000
   3      2.53085     1.23379     0.00000
   4      2.48248     1.30431     2.18166     0.00000
   5      1.15776     2.27238     2.70342     3.42456     0.00000
   6      1.15898     2.26856     3.26121     2.79725     1.90250     0.00000
   7      1.15908     2.26770     3.25425     2.80257     1.90274     1.88817     0.00000
   8      3.32062     1.93323     2.39918     0.88353     4.18138     3.63739     3.64157     0.00000



 CH3COOH                                                                         

 COMPARISON OF THEORETICAL AND EXPERIMENTAL RESULTS.

 PROPERTY DEFINITION  CALCULATED   OBSERVED  DEVIATION
 ID1 ID4 ID5 ID6 ID7     VALUE       VALUE    CALC-OBS

   1   0   0   0   0  -100.46932 -103.50000    3.03068   Ref: Heat of formation 
   2   2   1   0   0     1.61103    1.49770    0.11333   Ref: Bond              
   3   6   1   7   0   109.08454  107.64000    1.44454   Ref: Angle             
   4   3   2   1   5     0.59111    0.01000    0.58111   Ref: Dihed             
  22   0   0   0   0     0.49822    0.00000    0.49822   CNORM                  



 COMPUTATION TIME                 0.080 SECONDS


