


 PROGRAM MNDO2005.
 VERSION 7.0 OF 4 AUGUST 2005.

 COPYRIGHT BY WALTER THIEL,
 MAX-PLANCK-INSTITUT FUER KOHLENFORSCHUNG,
 D-45470 MUELHEIM, GERMANY.


 ***** STANDARD INPUT USING KEYWORDS *****

 IOP    =   -6     JOP    =    0     IGEOM  =    1     INREFD =    1     IPAROK =    3
 ICUTS  =   -1     ICUTG  =   -1     IEXBAS =    0     ISCF   =    8     IPLSCF =    8
 IPREC  =    0     ICONV  =    3     KHARGE =    0     IMULT  =    0     KITSCF =  999
 IFAST  =    2     IDIAG  =    0


 ***********************************************************************
 * INPUT OF OPTIONS VIA KEYWORDS
 * NUMBER OF MNDO97 KEYWORDS FOUND: 17
 * MOPAC KEYWORDS NOT FOUND: IMOPAC=-1
 ***********************************************************************



 *** OPTIONS FROM THE FIRST LINE OF INPUT    ***
 *** DEFINED EITHER EXPLICITLY OR BY DEFAULT ***

 LIMIT  =    0     IOP    =   -6     JOP    =    0     IGEOM  =    1     IFORM  =    0
 NEXMOL =    1     MPLIB  =    0     IEF    =    0     IDIIS  =    0     INREFD =    1
 IPAROK =    3     MMINP  =    0     NMR    =    0     NSAV7  =    0     NSAV8  =    0
 NSAV9  =    0     NSAV13 =    0     NSAV15 =    0     NSAV16 =    0     IMMOK  =    0
 IHBOND =    0     IFLD1  =    0     IFLD2  =    0     IFLD3  =    0     ICUTS  =   -1
 ICUTG  =   -1     IEXBAS =    0     ICOSMO =    0     IPSANA =    0     IMMDP  =    0
 INAC   =    0



 OM2    

 GEOMETRY OPTIMIZATION FOR ENERGY MINIMUM

 INPUT IN CARTESIAN COORDINATES

 EXPERIMENTAL REFERENCE DATA AS ADDITIONAL INPUT



 EXTERNAL PARAMETERS ARE READ FROM FILE NB14.

  PARAMETER TYPE     ELEMENT(S)     PARAMETER

      USS              H         -12.48452388
      ZS               H           1.31094935
      BETAS            H          -3.46458117
      ALPS             H           0.08595311
      FVAL1            H           0.24108501
      GVAL1            H           0.21830873
      GSS              H          12.88571191
      USS              C         -50.53744207
      UPP              C         -39.60997954
      ZS               C           1.29920785
      BETAS            C          -7.39676829
      BETAP            C          -4.02795358
      BETPI            C          -5.48832744
      BETSH            C          -6.09687985
      BETPH            C          -4.09007271
      ALPS             C           0.13429165
      ALPP             C           0.05772500
      ALPPI            C           0.08467538
      ALPSH            C           0.10840718
      ALPPH            C           0.06821849
      FVAL1            C           0.52984299
      GVAL1            C           0.07021175
      GSS              C          12.22300876
      GPP              C          11.13415542
      GSP              C          11.51126338
      GP2              C           9.81711073
      HSP              C           2.44389514
      USS              O        -105.76861082
      UPP              O         -78.91586793
      ZS               O           1.13137167
      BETAS            O         -14.29379019
      BETAP            O          -8.44242076
      BETPI            O         -13.09685852
      BETSH            O         -13.06824835
      BETPH            O          -9.81593131
      ALPS             O           0.11007656
      ALPP             O           0.10958872
      ALPPI            O           0.20766548
      ALPSH            O           0.17230315
      ALPPH            O           0.13548085
      FVAL1            O           0.69797356
      GVAL1            O           0.06766467
      GSS              O          15.47082281
      GPP              O          14.48572739
      GSP              O          14.57861830
      GP2              O          12.96779025
      HSP              O           3.92467956



 *** OPTIONS FROM THE SECOND LINE OF INPUT   ***
 *** DEFINED EITHER EXPLICITLY OR BY DEFAULT ***


 MAXEND = 9999     MAXLIN =    4     MAXRTL = 9999     ISCF   =    8     IPLSCF =    8
 MIDDLE =    0     IPRINT =    0     KPRINT =    0     LPRINT =    0     MPRINT =    0
 JPRINT =    0     IPREC  =    1     ICONV  =    3     IHESS  =    0     IDFP   =    0
 NREPET =    3     LINITG =   10     LCONVG =   10     LGDUM  =    0     IHDLC1 =    0
 IHDLC2 =    0     IHDLC3 =    0     INGEOM =    0     INTDIR =    0     LINDMS =    0
 LINDIA =    0     LINFRG =    0     INPFRG =    0     INP21  =    0     INP22  =    0
 INP23  =    0     INP24  =    0     INP25  =    0



 CONF_1                                                                          
 CH3COOH                                                                         


     INPUT GEOMETRY


      ATOM      ATOMIC              X-COORDINATE         Y-COORDINATE         Z-COORDINATE
     NUMBER     NUMBER               (ANGSTROMS)          (ANGSTROMS)          (ANGSTROMS)

        1          6                  -2.62679 *            1.02228 *            0.06484 *
        2          6                  -1.36250 *            1.82411 *            0.02372 *
        3          8                  -1.22107 *            2.95847 *            0.41979 *
        4          8                  -0.34728 *            1.11171 *           -0.52874 *
        5          1                  -3.41714 *            1.61534 *            0.50997 *
        6          1                  -2.90080 *            0.72416 *           -0.94521 *
        7          1                  -2.46300 *            0.11528 *            0.64337 *
        8          1                   0.42432 *            1.69905 *           -0.51604 *



     **********

     *  VARIABLES TO BE OPTIMIZED, OF WHICH THERE ARE  24



     INITIAL INTERATOMIC DISTANCES (ANGSTROMS)


             1           2           3           4           5           6           7           8
 ----------------------------------------------------------------------------------------------------
   1      0.00000
   2      1.49768     0.00000
   3      2.41886     1.20981     0.00000
   4      2.35722     1.35772     2.25250     0.00000
   5      1.08375     2.12169     2.57582     3.27973     0.00000
   6      1.08819     2.12487     3.11077     2.61612     1.78279     0.00000
   7      1.08820     2.12489     3.11064     2.61591     1.78280     1.75670     0.00000
   8      3.17879     1.87075     2.27359     0.96979     3.97700     3.49156     3.49130     0.00000



 MOLECULAR CHARGE         0
 NUMBER OF ELECTRONS     24
 DOUBLY OCCUPIED MOS     12


 *** OPTIONS FOR THE MOLECULE UNDER STUDY    ***
 *** DEFINED EITHER EXPLICITLY OR BY DEFAULT ***

 KHARGE =    0     IMULT  =    0     KTRIAL =    0     KGEOM  =    0     IPUBO  =    0
 IUHF   =    0     KITSCF =  999     NPRINT =    0     IFAST  =    2     IDIAG  =    0
 KSYM   =    0     NUMSYM =    0     KCI    =    0     NSTART =    4     NSTEP  =    4

 FAST DIAGONALIZATIONS NOT ALLOWED IN SCF

 CHKANA: IPSANA =  0, ISKPA =  0, ISKPAF =  0



 EXPERIMENTAL REFERENCE DATA.

 PROPERTY DEFINITION  EXPERIMENT EXPERIMENT LITERATURE
 ID1 ID4 ID5 ID6 ID7     VALUE      ERROR    REFERENCE

   1   0   0   0   0  -103.50000    0.00000      99     Ref: Heat of formation 
   2   2   1   0   0     1.49770    0.00000      99     Ref: Bond              
   3   6   1   7   0   107.64000    0.00000      99     Ref: Angle             
   4   3   2   1   5     0.01000    0.00000      99     Ref: Dihed             
  22   0   0   0   0     0.00000    0.00000       0     CNORM                  



 GEOMETRY OPTIMIZATION FOR ENERGY MINIMUM
 CONF_1                                                                          
 CH3COOH                                                                         

 INITIAL GEOMETRY, TOTAL TIME =      0.008 , HEAT =   -33.82180 , GNORM =      230.53592


 *****

 FUNCTION VALUE   -33.82180     IS REPLACED BY VALUE   -39.50674     FOUND IN RESTART PROCEDURE.
 THE CORRESPONDING X VALUES AND GRADIENTS ARE ALSO REPLACED.


 AT THE BEGINNING OF CYCLE    1  THE FUNCTION VALUE IS    -39.50674
 THE CURRENT POINT IS ...

   I         1           2           3           4           5           6           7           8           9          10
 X(I)    -2.63679     1.01228     0.07484    -1.35250     1.81411     0.01372    -1.21107     2.96847     0.40979    -0.33728
 G(I)     7.28608     6.26369    13.51922     8.15905    12.59377    -0.64300   -12.25845    38.40904    18.66260   -60.96602

   I        11          12          13          14          15          16          17          18          19          20
 X(I)     1.12171    -0.51874    -3.40714     1.60534     0.49997    -2.89080     0.73416    -0.93521    -2.45300     0.12528
 G(I)  -117.22329   -24.34906    -8.53187    -2.11842    -0.23781    -7.92239    -4.79789   -14.55532    -3.14200    -6.94741

   I        21          22          23          24
 X(I)     0.63337     0.41432     1.68905    -0.52604
 G(I)     3.19461    77.37561    73.82050     4.40875

 ANGLE COSINE   =  0.7474E+00
 ALPHA.P.G TEST =  0.1793E+02
 GRADIENT NORM  =  0.1801E+03

 TERMINATION TESTS ...
 FUNCTION EVALUATIONS =   3
 RELATIVE CHANGE IN X = 0.1743E-01
 ABSOLUTE CHANGE IN F = 0.5521E+01
 GRADIENT NORM        = 0.1402E+03

 TOTAL TIME             0.012 SECONDS


 *****

 AT THE BEGINNING OF CYCLE    2  THE FUNCTION VALUE IS    -45.02798
 THE CURRENT POINT IS ...

   I         1           2           3           4           5           6           7           8           9          10
 X(I)    -2.63948     1.00791     0.06588    -1.35797     1.81147     0.01397    -1.19400     2.95937     0.34979    -0.28535
 G(I)   -10.88069     5.98740   -22.17678   -11.09929    45.67587    22.01030    -8.88148   -15.94772    -3.62729    97.10489

   I        11          12          13          14          15          16          17          18          19          20
 X(I)     1.16560    -0.49616    -3.39930     1.60780     0.50026    -2.87064     0.74742    -0.91082    -2.39300     0.13011
 G(I)     2.82676   -26.90046    -8.81574     0.03964    -0.49164     1.57580     5.18012    17.43145     4.72880   -10.75783

   I        21          22          23          24
 X(I)     0.63015     0.37743     1.64377    -0.54046
 G(I)     6.51697   -63.73229   -33.00424     7.23745

 ANGLE COSINE   =  0.6759E+00
 ALPHA.P.G TEST =  0.1262E+02

 TERMINATION TESTS ...
 FUNCTION EVALUATIONS =   4
 RELATIVE CHANGE IN X = 0.9870E-02
 ABSOLUTE CHANGE IN F = 0.2681E+01
 GRADIENT NORM        = 0.5234E+02

 TOTAL TIME             0.012 SECONDS


 *****

 AT THE BEGINNING OF CYCLE    3  THE FUNCTION VALUE IS    -47.70856
 THE CURRENT POINT IS ...

   I         1           2           3           4           5           6           7           8           9          10
 X(I)    -2.63743     1.00420     0.07357    -1.35428     1.80458     0.00836    -1.18209     2.95984     0.34420    -0.32828
 G(I)     2.02981    -5.10816     7.25299    34.04339     3.80118    -9.69368    -1.95592   -10.80861    -2.26635   -29.64906

   I        11          12          13          14          15          16          17          18          19          20
 X(I)     1.17460    -0.47476    -3.39224     1.60831     0.50073    -2.86882     0.74093    -0.92464    -2.43914     0.13611
 G(I)    -1.58737    10.73127    -5.88601    -2.24911    -0.69447    -1.76329    -0.31534    -0.30407    -3.24653     5.04167

   I        21          22          23          24
 X(I)     0.62511     0.38926     1.64708    -0.55922
 G(I)    -4.40854     6.42762    11.22573    -0.61715

 ANGLE COSINE   =  0.5065E+00
 ALPHA.P.G TEST =  0.2002E+01

 TERMINATION TESTS ...
 FUNCTION EVALUATIONS =   5
 RELATIVE CHANGE IN X = 0.5496E-02
 ABSOLUTE CHANGE IN F = 0.3435E+00
 GRADIENT NORM        = 0.3229E+02

 TOTAL TIME             0.016 SECONDS


 *****

 AT THE BEGINNING OF CYCLE    4  THE FUNCTION VALUE IS    -48.05210
 THE CURRENT POINT IS ...

   I         1           2           3           4           5           6           7           8           9          10
 X(I)    -2.63741     1.00657     0.07201    -1.37099     1.80277     0.01018    -1.17885     2.96262     0.35323    -0.32096
 G(I)     3.99075    10.61442     4.32434   -10.56215   -16.40799    -3.61512     3.39018    15.43138     5.14610     2.98931

   I        11          12          13          14          15          16          17          18          19          20
 X(I)     1.17361    -0.47994    -3.38718     1.61027     0.50147    -2.86644     0.73933    -0.92882    -2.40432     0.13420
 G(I)   -11.13230    -1.48039    -2.74909    -2.25593    -2.12298    -1.36988    -0.12283    -2.69541     1.91215    -2.82469

   I        21          22          23          24
 X(I)     0.62782     0.39197     1.64571    -0.56032
 G(I)     1.20090     2.39874     6.69792    -0.75744

 ANGLE COSINE   =  0.4571E+00
 ALPHA.P.G TEST =  0.6201E+00

 TERMINATION TESTS ...
 FUNCTION EVALUATIONS =   6
 RELATIVE CHANGE IN X = 0.3095E-02
 ABSOLUTE CHANGE IN F = 0.1694E+00
 GRADIENT NORM        = 0.1295E+02

 TOTAL TIME             0.020 SECONDS


 *****

 AT THE BEGINNING OF CYCLE    5  THE FUNCTION VALUE IS    -48.22152
 THE CURRENT POINT IS ...

   I         1           2           3           4           5           6           7           8           9          10
 X(I)    -2.63849     1.00166     0.06951    -1.36971     1.80478     0.01160    -1.18124     2.96048     0.34247    -0.32075
 G(I)     3.82368    -0.34569    -0.11890    -2.72410     3.85752     1.76414     1.26110    -4.00783    -1.33224     6.25026

   I        11          12          13          14          15          16          17          18          19          20
 X(I)     1.17704    -0.47969    -3.38404     1.61265     0.50356    -2.86310     0.73934    -0.92627    -2.42241     0.13530
 G(I)    -4.28131    -1.17714    -4.02593    -0.62966    -0.20985    -0.22717     0.99774     2.42558    -0.75146     1.92445

   I        21          22          23          24
 X(I)     0.62749     0.39136     1.64186    -0.55908
 G(I)    -1.53197    -3.60637     2.48478     0.18038

 ANGLE COSINE   =  0.5432E+00
 ALPHA.P.G TEST =  0.1665E+00

 TERMINATION TESTS ...
 FUNCTION EVALUATIONS =   7
 RELATIVE CHANGE IN X = 0.1986E-02
 ABSOLUTE CHANGE IN F = 0.5622E-01
 GRADIENT NORM        = 0.1008E+02

 TOTAL TIME             0.020 SECONDS


 *****

 AT THE BEGINNING OF CYCLE    6  THE FUNCTION VALUE IS    -48.27774
 THE CURRENT POINT IS ...

   I         1           2           3           4           5           6           7           8           9          10
 X(I)    -2.64026     1.00043     0.06851    -1.36844     1.80453     0.01149    -1.18327     2.96069     0.34257    -0.32416
 G(I)    -1.25790     2.25548    -0.58687     5.10015     1.12974    -0.13792     1.25404    -5.49270    -2.07591    -0.81088

   I        11          12          13          14          15          16          17          18          19          20
 X(I)     1.18041    -0.47850    -3.37916     1.61423     0.50448    -2.86101     0.73691    -0.92903    -2.41093     0.13430
 G(I)     0.62873     2.11069    -2.13044    -1.05555    -0.79513     0.04442     0.76532     1.24049     1.12219    -0.40601

   I        21          22          23          24
 X(I)     0.62898     0.39213     1.63820    -0.55947
 G(I)     0.18052    -3.32158     2.17500     0.06414

 ANGLE COSINE   =  0.5037E+00
 ALPHA.P.G TEST =  0.7702E-01

 TERMINATION TESTS ...
 FUNCTION EVALUATIONS =   8
 RELATIVE CHANGE IN X = 0.2694E-02
 ABSOLUTE CHANGE IN F = 0.6165E-01
 GRADIENT NORM        = 0.1045E+02

 TOTAL TIME             0.024 SECONDS


 *****

 AT THE BEGINNING OF CYCLE    7  THE FUNCTION VALUE IS    -48.33939
 THE CURRENT POINT IS ...

   I         1           2           3           4           5           6           7           8           9          10
 X(I)    -2.64164     0.99697     0.06761    -1.37081     1.80427     0.01164    -1.18739     2.96202     0.34845    -0.32672
 G(I)    -0.68464    -0.75664     3.11658     4.04445    -5.05584    -2.88434     2.69928     1.37290    -0.04740    -1.70074

   I        11          12          13          14          15          16          17          18          19          20
 X(I)     1.18386    -0.47943    -3.37187     1.61738     0.50670    -2.85865     0.73228    -0.93365    -2.42423     0.13374
 G(I)     2.31292     2.85800    -0.54023    -1.17396    -0.24431    -0.05967    -0.14836    -1.55589    -0.53152     2.10998

   I        21          22          23          24
 X(I)     0.63024     0.39455     1.63275    -0.55992
 G(I)    -1.20115    -3.22693     1.33901    -0.04148

 ANGLE COSINE   =  0.4639E+00
 ALPHA.P.G TEST =  0.9980E-01

 TERMINATION TESTS ...
 FUNCTION EVALUATIONS =   9
 RELATIVE CHANGE IN X = 0.2743E-02
 ABSOLUTE CHANGE IN F = 0.5960E-01
 GRADIENT NORM        = 0.6708E+01

 TOTAL TIME             0.024 SECONDS


 *****

 AT THE BEGINNING OF CYCLE    8  THE FUNCTION VALUE IS    -48.39899
 THE CURRENT POINT IS ...

   I         1           2           3           4           5           6           7           8           9          10
 X(I)    -2.64314     0.99346     0.06399    -1.37519     1.80556     0.01320    -1.19700     2.96278     0.35381    -0.32994
 G(I)    -1.44820    -1.26999    -1.38179    -0.11519    -2.98996    -0.38096     2.33102     1.92515    -0.09221    -2.72046

   I        11          12          13          14          15          16          17          18          19          20
 X(I)     1.18648    -0.48333    -3.36305     1.62259     0.50962    -2.85580     0.72753    -0.93572    -2.42617     0.13130
 G(I)    -1.10354     1.51717     0.58654     0.08437     0.81107     0.69177     0.08740    -0.36448    -0.10974     0.54940

   I        21          22          23          24
 X(I)     0.63318     0.39963     1.62629    -0.55995
 G(I)     0.30691     0.78427     2.71717    -0.41572

 ANGLE COSINE   =  0.4432E+00
 ALPHA.P.G TEST =  0.6231E-01

 TERMINATION TESTS ...
 FUNCTION EVALUATIONS =  10
 RELATIVE CHANGE IN X = 0.1575E-02
 ABSOLUTE CHANGE IN F = 0.2277E-01
 GRADIENT NORM        = 0.4670E+01

 TOTAL TIME             0.028 SECONDS


 *****

 AT THE BEGINNING OF CYCLE    9  THE FUNCTION VALUE IS    -48.42177
 THE CURRENT POINT IS ...

   I         1           2           3           4           5           6           7           8           9          10
 X(I)    -2.64324     0.99284     0.06405    -1.37621     1.80660     0.01373    -1.20480     2.96279     0.35746    -0.33024
 G(I)    -1.76032    -0.05008     0.11023    -0.97928     0.66870     1.38024     1.15409     0.20157    -0.50806     0.65733

   I        11          12          13          14          15          16          17          18          19          20
 X(I)     1.18811    -0.48618    -3.35962     1.62458     0.50968    -2.85685     0.72462    -0.93703    -2.42723     0.12995
 G(I)    -1.67712    -0.09949     1.49568    -0.11396     0.56612     0.29531    -0.49471    -2.06394    -0.05955    -0.03840

   I        21          22          23          24
 X(I)     0.63396     0.40177     1.62187    -0.55847
 G(I)     0.64771    -0.80327     1.50400    -0.03281

 ANGLE COSINE   =  0.5020E+00
 ALPHA.P.G TEST =  0.2821E-01

 TERMINATION TESTS ...
 FUNCTION EVALUATIONS =  11
 RELATIVE CHANGE IN X = 0.1947E-02
 ABSOLUTE CHANGE IN F = 0.2204E-01
 GRADIENT NORM        = 0.4796E+01

 TOTAL TIME             0.032 SECONDS


 *****

 AT THE BEGINNING OF CYCLE   10  THE FUNCTION VALUE IS    -48.44381
 THE CURRENT POINT IS ...

   I         1           2           3           4           5           6           7           8           9          10
 X(I)    -2.64248     0.99220     0.06389    -1.37682     1.80728     0.01349    -1.21444     2.96298     0.36419    -0.33133
 G(I)    -1.08920    -0.52366    -2.09204    -0.60451     0.10756     0.97790     0.15199     1.52100     0.19400     1.76782

   I        11          12          13          14          15          16          17          18          19          20
 X(I)     1.19049    -0.48893    -3.35786     1.62685     0.50895    -2.85872     0.72349    -0.93382    -2.42733     0.12862
 G(I)    -1.68330    -0.75487     1.04996     0.58749     0.67431     0.57801     0.03675     0.00963    -0.01062    -0.59227

   I        21          22          23          24
 X(I)     0.63395     0.40458     1.61626    -0.55710
 G(I)     0.76887    -1.84346     0.54643     0.22221

 ANGLE COSINE   =  0.4419E+00
 ALPHA.P.G TEST =  0.3154E-01

 TERMINATION TESTS ...
 FUNCTION EVALUATIONS =  12
 RELATIVE CHANGE IN X = 0.1348E-02
 ABSOLUTE CHANGE IN F = 0.1395E-01
 GRADIENT NORM        = 0.2590E+01

 TOTAL TIME             0.032 SECONDS


 *****

 AT THE BEGINNING OF CYCLE   11  THE FUNCTION VALUE IS    -48.45776
 THE CURRENT POINT IS ...

   I         1           2           3           4           5           6           7           8           9          10
 X(I)    -2.64126     0.99276     0.06563    -1.37735     1.80778     0.01300    -1.22055     2.96252     0.36720    -0.33238
 G(I)     0.38917     0.29467    -0.56121    -0.01622     0.50358     0.80232    -0.62107    -0.14868    -0.12425     0.49469

   I        11          12          13          14          15          16          17          18          19          20
 X(I)     1.19251    -0.49014    -3.35864     1.62715     0.50718    -2.86208     0.72305    -0.93136    -2.42538     0.12829
 G(I)    -1.14609    -0.38298     0.85054     0.52228     0.07602     0.19844    -0.02653    -0.21368    -0.02428    -0.41269

   I        21          22          23          24
 X(I)     0.63288     0.40705     1.61242    -0.55712
 G(I)     0.24097    -1.27126     0.41347     0.16281

 ANGLE COSINE   =  0.5424E+00
 ALPHA.P.G TEST =  0.1447E-01

 TERMINATION TESTS ...
 FUNCTION EVALUATIONS =  13
 RELATIVE CHANGE IN X = 0.6472E-03
 ABSOLUTE CHANGE IN F = 0.4784E-02
 GRADIENT NORM        = 0.1809E+01

 TOTAL TIME             0.036 SECONDS


 *****

 AT THE BEGINNING OF CYCLE   12  THE FUNCTION VALUE IS    -48.46254
 THE CURRENT POINT IS ...

   I         1           2           3           4           5           6           7           8           9          10
 X(I)    -2.64096     0.99288     0.06665    -1.37756     1.80789     0.01249    -1.22143     2.96232     0.36836    -0.33255
 G(I)     0.85917     0.20828     0.05485     0.18390    -0.49950     0.21883    -0.55810    -0.13114    -0.05423    -0.16894

   I        11          12          13          14          15          16          17          18          19          20
 X(I)     1.19361    -0.49023    -3.36027     1.62635     0.50637    -2.86396     0.72327    -0.92968    -2.42329     0.12853
 G(I)    -0.39827     0.08589     0.53933     0.49999    -0.22218     0.09864     0.09529     0.05219    -0.00785    -0.06507

   I        21          22          23          24
 X(I)     0.63218     0.40835     1.61087    -0.55765
 G(I)    -0.17928    -0.94616     0.29042     0.04393

 ANGLE COSINE   =  0.6136E+00
 ALPHA.P.G TEST =  0.5491E-02

 TERMINATION TESTS ...
 FUNCTION EVALUATIONS =  14
 RELATIVE CHANGE IN X = 0.5286E-03
 ABSOLUTE CHANGE IN F = 0.3352E-02
 GRADIENT NORM        = 0.1784E+01

 TOTAL TIME             0.036 SECONDS


 *****

 AT THE BEGINNING OF CYCLE   13  THE FUNCTION VALUE IS    -48.46589
 THE CURRENT POINT IS ...

   I         1           2           3           4           5           6           7           8           9          10
 X(I)    -2.64119     0.99278     0.06722    -1.37780     1.80815     0.01208    -1.22108     2.96219     0.36921    -0.33250
 G(I)     0.79598     0.11033     0.44100     0.16709    -0.95042    -0.05803    -0.35356    -0.11181    -0.04206    -0.53297

   I        11          12          13          14          15          16          17          18          19          20
 X(I)     1.19454    -0.49043    -3.36196     1.62506     0.50625    -2.86551     0.72299    -0.92875    -2.42186     0.12870
 G(I)     0.03207     0.36342     0.32900     0.40393    -0.37409     0.00721     0.12826     0.13318    -0.00199     0.10257

   I        21          22          23          24
 X(I)     0.63202     0.40980     1.60959    -0.55811
 G(I)    -0.36812    -0.41076     0.28507    -0.09531

 ANGLE COSINE   =  0.5304E+00
 ALPHA.P.G TEST =  0.3823E-02

 TERMINATION TESTS ...
 FUNCTION EVALUATIONS =  15
 RELATIVE CHANGE IN X = 0.6708E-03
 ABSOLUTE CHANGE IN F = 0.3295E-02
 GRADIENT NORM        = 0.1556E+01

 TOTAL TIME             0.040 SECONDS


 *****

 AT THE BEGINNING OF CYCLE   14  THE FUNCTION VALUE IS    -48.46919
 THE CURRENT POINT IS ...

   I         1           2           3           4           5           6           7           8           9          10
 X(I)    -2.64186     0.99247     0.06744    -1.37806     1.80870     0.01160    -1.22017     2.96211     0.37048    -0.33228
 G(I)     0.31500    -0.02905     0.53304     0.08716    -1.00823    -0.15883    -0.08019     0.03044    -0.01687    -0.44358

   I        11          12          13          14          15          16          17          18          19          20
 X(I)     1.19562    -0.49104    -3.36405     1.62306     0.50682    -2.86717     0.72207    -0.92818    -2.42066     0.12882
 G(I)     0.30431     0.42763     0.06917     0.29005    -0.36516    -0.08621     0.10089     0.14537     0.00034     0.07638

   I        21          22          23          24
 X(I)     0.63236     0.41178     1.60788    -0.55812
 G(I)    -0.34613     0.13831     0.23520    -0.21904

 ANGLE COSINE   =  0.4409E+00
 ALPHA.P.G TEST =  0.3520E-02

 TERMINATION TESTS ...
 FUNCTION EVALUATIONS =  16
 RELATIVE CHANGE IN X = 0.4528E-03
 ABSOLUTE CHANGE IN F = 0.1611E-02
 GRADIENT NORM        = 0.9950E+00

 TEST ON GNORM SATISFIED

 TOTAL TIME             0.040 SECONDS



     CONF_1                                                                          
     CH3COOH                                                                         



     EIGENVALUES AND EIGENVECTORS.


                         1           2           3           4           5           6           7           8           9

                    -46.00253   -41.49611   -24.48590   -20.59649   -17.12234   -16.54676   -16.07052   -14.11437   -13.67790

  1  C (1)   s       -0.01161     0.00078    -0.77786     0.28143    -0.09654     0.00082    -0.07245    -0.01357     0.00162
  2  C (1)   x       -0.02164    -0.01310    -0.02791    -0.19178     0.09818     0.11622     0.26523     0.48847     0.14216
  3  C (1)   y        0.00287     0.03239    -0.00319    -0.02341     0.33820    -0.14764     0.20935    -0.45375    -0.18727
  4  C (1)   z        0.00698     0.01491     0.00769     0.04285     0.09068     0.42516     0.00012    -0.28231     0.55676

  5  C (2)   s       -0.23606     0.16834    -0.33610    -0.41917     0.43428     0.00178    -0.05030     0.12471    -0.00157
  6  C (2)   x       -0.13172    -0.03268     0.17526    -0.13560    -0.26852     0.12524    -0.39247    -0.11288    -0.02810
  7  C (2)   y        0.00846     0.21975     0.14926     0.16158     0.19132    -0.16497    -0.21455    -0.07939     0.03800
  8  C (2)   z        0.03939     0.08598     0.00509     0.09301     0.13798     0.47238     0.02894     0.00119    -0.10970

  9  O (3)   s       -0.31074     0.88239     0.05978     0.08996    -0.24621    -0.00044     0.13142     0.00568     0.00031
 10  O (3)   x       -0.02610    -0.02823     0.06890    -0.05308    -0.29047     0.09875    -0.30708    -0.12603    -0.03702
 11  O (3)   y        0.06423    -0.11291     0.04007     0.11358    -0.45772    -0.13160     0.29833     0.00608     0.05277
 12  O (3)   z        0.02974    -0.03181    -0.00453     0.05391    -0.08256     0.37399     0.18567     0.03459    -0.14623

 13  O (4)   s       -0.88503    -0.33983     0.02888     0.04804    -0.05541     0.00130     0.14957    -0.08515     0.00019
 14  O (4)   x       -0.02457    -0.01256     0.18628     0.66228     0.29193     0.13124    -0.01926     0.21279    -0.15374
 15  O (4)   y       -0.11288     0.00137     0.06063     0.02408     0.12799    -0.16664    -0.58696     0.19096     0.18977
 16  O (4)   z       -0.03219     0.00417    -0.03007    -0.17631    -0.03960     0.46404    -0.20448    -0.00224    -0.54024

 17  H (5)   s        0.00342     0.00888    -0.23162     0.17052     0.03613     0.00580    -0.07643    -0.49869     0.01730

 18  H (6)   s       -0.00240    -0.00604    -0.24187     0.11354    -0.15901    -0.21679    -0.10913     0.17170    -0.35701

 19  H (7)   s       -0.00253    -0.00648    -0.24112     0.11143    -0.16647     0.20881    -0.11167     0.20094     0.34009

 20  H (8)   s       -0.15720    -0.06697     0.08807     0.31478     0.14226     0.00033    -0.05296     0.12776    -0.00083



                        10          11          12          13          14          15          16          17          18

                    -13.05921   -11.95033   -11.23645     1.41371     1.50668     3.14781     3.97913     4.65818     5.39750

  1  C (1)   s        0.03009     0.00046    -0.06924     0.02635    -0.29083    -0.43599     0.01040    -0.00159    -0.08341
  2  C (1)   x        0.12743     0.04324    -0.28318     0.00779    -0.45076     0.27655    -0.36017    -0.15143    -0.12766
  3  C (1)   y        0.30972    -0.05577    -0.20328     0.06555    -0.28994     0.23818     0.37601     0.19873    -0.21077
  4  C (1)   z        0.07240     0.15861     0.00493    -0.11600     0.00740     0.01237     0.23287    -0.55708    -0.03742

  5  C (2)   s        0.04900    -0.00038    -0.13807    -0.05107     0.58851    -0.05967     0.01413    -0.00101    -0.13775
  6  C (2)   x       -0.08442    -0.05410     0.10586    -0.18093    -0.04147    -0.06174    -0.18883     0.08860    -0.43336
  7  C (2)   y       -0.30515     0.06875     0.11344     0.24722    -0.12085     0.01263     0.12956    -0.11648    -0.13152
  8  C (2)   z       -0.08217    -0.19647     0.01070    -0.66537    -0.10092     0.01814     0.09523     0.33399     0.07006

  9  O (3)   s        0.09205     0.00004    -0.00541     0.00419    -0.04988     0.00350    -0.02954     0.00006     0.04794
 10  O (3)   x       -0.05980    -0.19161    -0.82570     0.10938     0.06272     0.01701     0.08240    -0.03844     0.09813
 11  O (3)   y        0.48321     0.24288    -0.03313    -0.17388     0.31693    -0.03479     0.10780     0.04960    -0.17889
 12  O (3)   z        0.18834    -0.69193     0.21587     0.40709     0.13635    -0.01525     0.01589    -0.14349    -0.08840

 13  O (4)   s       -0.10671     0.00020     0.05578     0.00882    -0.09980     0.01722     0.04353     0.00009    -0.03789
 14  O (4)   x        0.01203     0.14350    -0.21765     0.04397     0.21760    -0.04235    -0.12334    -0.02491    -0.41529
 15  O (4)   y        0.60629    -0.17919     0.14610    -0.06539    -0.15177     0.03326     0.04339     0.02850    -0.01811
 16  O (4)   z        0.21136     0.51726     0.10967     0.23230    -0.08986     0.02421     0.04989    -0.07951     0.11042

 17  H (5)   s        0.10217     0.00317     0.04443    -0.00453     0.13559     0.41151    -0.65668     0.01219     0.09864

 18  H (6)   s       -0.13337    -0.12210     0.07280    -0.30704     0.05298     0.49607     0.25297    -0.48463    -0.04573

 19  H (7)   s       -0.14307     0.11819     0.07394     0.28239     0.10392     0.49768     0.27445     0.47640    -0.05338

 20  H (8)   s        0.13710    -0.00033    -0.06560    -0.00964     0.09696    -0.00707     0.03590     0.00312     0.67016



                        19          20
                      7.25429     8.44874

  1  C (1)   s        0.08730     0.07135
  2  C (1)   x        0.11124     0.22393
  3  C (1)   y        0.25515    -0.03957
  4  C (1)   z        0.06002    -0.07427

  5  C (2)   s        0.08237     0.14368
  6  C (2)   x        0.61798     0.06631
  7  C (2)   y       -0.12988     0.73112
  8  C (2)   z       -0.21548     0.23808

  9  O (3)   s        0.01266    -0.14455
 10  O (3)   x       -0.15735     0.06610
 11  O (3)   y       -0.04285     0.42023
 12  O (3)   z        0.02830     0.12883

 13  O (4)   s       -0.19150     0.02378
 14  O (4)   x       -0.02103    -0.21510
 15  O (4)   y       -0.25700    -0.05766
 16  O (4)   z       -0.08326     0.03942

 17  H (5)   s       -0.10745     0.09051

 18  H (6)   s        0.05504    -0.04795

 19  H (7)   s        0.05979    -0.05229

 20  H (8)   s        0.55091     0.19502




     SCF HEAT OF FORMATION      -48.47080 KCAL/MOL
     SCF BINDING ENERGY         -31.12514 EV
     SCF TOTAL ENERGY          -984.07894 EV
     ELECTRONIC ENERGY        -2564.25905 EV
     NUCLEAR ENERGY            1580.18012 EV
     IONIZATION ENERGY           11.23645 EV
     SCF CYCLES                   2



     NET ATOMIC CHARGES AND ORBITAL POPULATIONS.

     ATOM    I        CHARGE      DENSITY        S          PX          PY          PZ

      C      1       -0.73571     4.73571     1.40971     0.97761     1.12589     1.22250
      C      2        0.82357     3.17643     1.20178     0.68826     0.65012     0.63627
      O      3       -0.64609     6.64609     1.94651     1.87358     1.28720     1.53879
      O      4       -0.94016     6.94016     1.89819     1.42784     1.79837     1.81576
      H      5        0.29718     0.70282     0.70282
      H      6        0.29888     0.70112     0.70112
      H      7        0.29934     0.70066     0.70066
      H      8        0.60298     0.39702     0.39702



     DIPOLE              X           Y           Z         TOTAL

     POINT-CHARGE    -2.03398    -2.75456    -0.43675     3.45188
     HYBRID           0.95771     0.24400    -0.18105     1.00475
     SUM             -1.07627    -2.51057    -0.61779     2.80053



 CONF_1                                                                          
 CH3COOH                                                                         



 OPTIMIZATION FINISHED AFTER  14 CYCLES AND  17 FUNCTION EVALUATIONS

 FINAL HEAT OF FORMATION      -48.47080 KCAL/MOL



 FINAL VARIABLES AND GRADIENTS


   I         1           2           3           4           5           6           7           8           9          10
 X(I)    -2.64240     0.99220     0.06719    -1.37820     1.80919     0.01135    -1.21952     2.96210     0.37144    -0.33219
 G(I)    -0.17047    -0.05527     0.29773     0.04767    -0.62344    -0.03087     0.03126     0.09416    -0.02189    -0.06756

   I        11          12          13          14          15          16          17          18          19          20
 X(I)     1.19616    -0.49172    -3.36512     1.62158     0.50772    -2.86774     0.72114    -0.92831    -2.42034     0.12888
 G(I)     0.25760     0.25086    -0.04619     0.20927    -0.21612    -0.11285     0.03762     0.09050    -0.00854    -0.09549

   I        21          22          23          24
 X(I)     0.63294     0.41295     1.60674    -0.55731
 G(I)    -0.14603     0.32668     0.17556    -0.22419



 FINAL OPTIMIZED GRADIENT NORM                0.99505

 FINAL CARTESIAN GRADIENT NORM                0.99505




      ATOM      ATOMIC              X-COORDINATE         Y-COORDINATE         Z-COORDINATE
     NUMBER     NUMBER               (ANGSTROMS)          (ANGSTROMS)          (ANGSTROMS)

        1          6                  -2.64240 *            0.99220 *            0.06719 *
        2          6                  -1.37820 *            1.80919 *            0.01135 *
        3          8                  -1.21952 *            2.96210 *            0.37144 *
        4          8                  -0.33219 *            1.19616 *           -0.49172 *
        5          1                  -3.36512 *            1.62158 *            0.50772 *
        6          1                  -2.86774 *            0.72114 *           -0.92831 *
        7          1                  -2.42034 *            0.12888 *            0.63294 *
        8          1                   0.41295 *            1.60674 *           -0.55731 *



 INTERATOMIC DISTANCES (ANGSTROMS)



             1           2           3           4           5           6           7           8
 ----------------------------------------------------------------------------------------------------
   1      0.00000
   2      1.50625     0.00000
   3      2.44902     1.21822     0.00000
   4      2.38559     1.31263     2.15660     0.00000
   5      1.05476     2.05656     2.53362     3.22157     0.00000
   6      1.05606     2.07015     3.07049     2.61634     1.76645     0.00000
   7      1.05579     2.07265     3.08828     2.60083     1.77100     1.72871     0.00000
   8      3.17849     1.89013     2.31615     0.85330     3.92535     3.41831     3.41003     0.00000



 CH3COOH                                                                         

 COMPARISON OF THEORETICAL AND EXPERIMENTAL RESULTS.

 PROPERTY DEFINITION  CALCULATED   OBSERVED  DEVIATION
 ID1 ID4 ID5 ID6 ID7     VALUE       VALUE    CALC-OBS

   1   0   0   0   0   -48.47080 -103.50000   55.02920   Ref: Heat of formation 
   2   2   1   0   0     1.50625    1.49770    0.00855   Ref: Bond              
   3   6   1   7   0   109.88502  107.64000    2.24502   Ref: Angle             
   4   3   2   1   5    -1.30965    0.01000   -1.31965   Ref: Dihed             
  22   0   0   0   0     0.99505    0.00000    0.99505   CNORM                  



 COMPUTATION TIME                 0.044 SECONDS


