


 PROGRAM MNDO2005.
 VERSION 7.0 OF 4 AUGUST 2005.

 COPYRIGHT BY WALTER THIEL,
 MAX-PLANCK-INSTITUT FUER KOHLENFORSCHUNG,
 D-45470 MUELHEIM, GERMANY.


 ***** STANDARD INPUT USING KEYWORDS *****

 IOP    =   -6     JOP    =    0     IGEOM  =    1     INREFD =    1     IPAROK =    3
 ICUTS  =   -1     ICUTG  =   -1     IEXBAS =    0     ISCF   =    8     IPLSCF =    8
 IPREC  =    0     ICONV  =    3     KHARGE =    0     IMULT  =    0     KITSCF =  999
 IFAST  =    2     IDIAG  =    0


 ***********************************************************************
 * INPUT OF OPTIONS VIA KEYWORDS
 * NUMBER OF MNDO97 KEYWORDS FOUND: 17
 * MOPAC KEYWORDS NOT FOUND: IMOPAC=-1
 ***********************************************************************



 *** OPTIONS FROM THE FIRST LINE OF INPUT    ***
 *** DEFINED EITHER EXPLICITLY OR BY DEFAULT ***

 LIMIT  =    0     IOP    =   -6     JOP    =    0     IGEOM  =    1     IFORM  =    0
 NEXMOL =    1     MPLIB  =    0     IEF    =    0     IDIIS  =    0     INREFD =    1
 IPAROK =    3     MMINP  =    0     NMR    =    0     NSAV7  =    0     NSAV8  =    0
 NSAV9  =    0     NSAV13 =    0     NSAV15 =    0     NSAV16 =    0     IMMOK  =    0
 IHBOND =    0     IFLD1  =    0     IFLD2  =    0     IFLD3  =    0     ICUTS  =   -1
 ICUTG  =   -1     IEXBAS =    0     ICOSMO =    0     IPSANA =    0     IMMDP  =    0
 INAC   =    0



 OM2    

 GEOMETRY OPTIMIZATION FOR ENERGY MINIMUM

 INPUT IN CARTESIAN COORDINATES

 EXPERIMENTAL REFERENCE DATA AS ADDITIONAL INPUT



 EXTERNAL PARAMETERS ARE READ FROM FILE NB14.

  PARAMETER TYPE     ELEMENT(S)     PARAMETER

      USS              H         -12.48452388
      ZS               H           1.17450463
      BETAS            H          -3.46458117
      ALPS             H           0.08595311
      FVAL1            H           0.24108501
      GVAL1            H           0.22394059
      GSS              H          12.88571191
      USS              C         -50.58075034
      UPP              C         -39.61610493
      ZS               C           1.37161845
      BETAS            C          -7.39676829
      BETAP            C          -4.33534159
      BETPI            C          -5.48442807
      BETSH            C          -6.18741705
      BETPH            C          -4.41292400
      ALPS             C           0.08482883
      ALPP             C           0.06129752
      ALPPI            C           0.12077472
      ALPSH            C           0.09865101
      ALPPH            C           0.06452358
      FVAL1            C           0.57119748
      GVAL1            C           0.08010779
      GSS              C          12.31798998
      GPP              C          11.09356569
      GSP              C          11.50431050
      GP2              C           9.86133865
      HSP              C           2.42462399
      USS              O        -105.73536412
      UPP              O         -78.88095179
      ZS               O           1.13136170
      BETAS            O         -14.29379019
      BETAP            O          -8.44242076
      BETPI            O         -11.57245252
      BETSH            O         -12.56883465
      BETPH            O          -9.68190661
      ALPS             O           0.18826813
      ALPP             O           0.08918966
      ALPPI            O           0.17372342
      ALPSH            O           0.14472534
      ALPPH            O           0.10294668
      FVAL1            O           0.75053544
      GVAL1            O           0.06367874
      GSS              O          15.46707550
      GPP              O          14.87831610
      GSP              O          14.57861830
      GP2              O          12.96779025
      HSP              O           3.92467956



 *** OPTIONS FROM THE SECOND LINE OF INPUT   ***
 *** DEFINED EITHER EXPLICITLY OR BY DEFAULT ***


 MAXEND = 9999     MAXLIN =    4     MAXRTL = 9999     ISCF   =    8     IPLSCF =    8
 MIDDLE =    0     IPRINT =    0     KPRINT =    0     LPRINT =    0     MPRINT =    0
 JPRINT =    0     IPREC  =    1     ICONV  =    3     IHESS  =    0     IDFP   =    0
 NREPET =    3     LINITG =   10     LCONVG =   10     LGDUM  =    0     IHDLC1 =    0
 IHDLC2 =    0     IHDLC3 =    0     INGEOM =    0     INTDIR =    0     LINDMS =    0
 LINDIA =    0     LINFRG =    0     INPFRG =    0     INP21  =    0     INP22  =    0
 INP23  =    0     INP24  =    0     INP25  =    0



 CONF_1                                                                          
 CH3COOH                                                                         


     INPUT GEOMETRY


      ATOM      ATOMIC              X-COORDINATE         Y-COORDINATE         Z-COORDINATE
     NUMBER     NUMBER               (ANGSTROMS)          (ANGSTROMS)          (ANGSTROMS)

        1          6                  -2.62679 *            1.02228 *            0.06484 *
        2          6                  -1.36250 *            1.82411 *            0.02372 *
        3          8                  -1.22107 *            2.95847 *            0.41979 *
        4          8                  -0.34728 *            1.11171 *           -0.52874 *
        5          1                  -3.41714 *            1.61534 *            0.50997 *
        6          1                  -2.90080 *            0.72416 *           -0.94521 *
        7          1                  -2.46300 *            0.11528 *            0.64337 *
        8          1                   0.42432 *            1.69905 *           -0.51604 *



     **********

     *  VARIABLES TO BE OPTIMIZED, OF WHICH THERE ARE  24



     INITIAL INTERATOMIC DISTANCES (ANGSTROMS)


             1           2           3           4           5           6           7           8
 ----------------------------------------------------------------------------------------------------
   1      0.00000
   2      1.49768     0.00000
   3      2.41886     1.20981     0.00000
   4      2.35722     1.35772     2.25250     0.00000
   5      1.08375     2.12169     2.57582     3.27973     0.00000
   6      1.08819     2.12487     3.11077     2.61612     1.78279     0.00000
   7      1.08820     2.12489     3.11064     2.61591     1.78280     1.75670     0.00000
   8      3.17879     1.87075     2.27359     0.96979     3.97700     3.49156     3.49130     0.00000



 MOLECULAR CHARGE         0
 NUMBER OF ELECTRONS     24
 DOUBLY OCCUPIED MOS     12


 *** OPTIONS FOR THE MOLECULE UNDER STUDY    ***
 *** DEFINED EITHER EXPLICITLY OR BY DEFAULT ***

 KHARGE =    0     IMULT  =    0     KTRIAL =    0     KGEOM  =    0     IPUBO  =    0
 IUHF   =    0     KITSCF =  999     NPRINT =    0     IFAST  =    2     IDIAG  =    0
 KSYM   =    0     NUMSYM =    0     KCI    =    0     NSTART =    4     NSTEP  =    4

 FAST DIAGONALIZATIONS NOT ALLOWED IN SCF

 CHKANA: IPSANA =  0, ISKPA =  0, ISKPAF =  0



 EXPERIMENTAL REFERENCE DATA.

 PROPERTY DEFINITION  EXPERIMENT EXPERIMENT LITERATURE
 ID1 ID4 ID5 ID6 ID7     VALUE      ERROR    REFERENCE

   1   0   0   0   0  -103.50000    0.00000      99     Ref: Heat of formation 
   2   2   1   0   0     1.49770    0.00000      99     Ref: Bond              
   3   6   1   7   0   107.64000    0.00000      99     Ref: Angle             
   4   3   2   1   5     0.01000    0.00000      99     Ref: Dihed             
  22   0   0   0   0     0.00000    0.00000       0     CNORM                  



 GEOMETRY OPTIMIZATION FOR ENERGY MINIMUM
 CONF_1                                                                          
 CH3COOH                                                                         

 INITIAL GEOMETRY, TOTAL TIME =      0.008 , HEAT =   -95.76781 , GNORM =      181.12523


 *****

 FUNCTION VALUE   -95.76781     IS REPLACED BY VALUE  -100.32571     FOUND IN RESTART PROCEDURE.
 THE CORRESPONDING X VALUES AND GRADIENTS ARE ALSO REPLACED.


 AT THE BEGINNING OF CYCLE    1  THE FUNCTION VALUE IS   -100.32571
 THE CURRENT POINT IS ...

   I         1           2           3           4           5           6           7           8           9          10
 X(I)    -2.63679     1.01228     0.07484    -1.35250     1.81411     0.01372    -1.21107     2.96847     0.42979    -0.33728
 G(I)    -1.25942    -0.57271    15.14530    11.21200    29.35855     1.24142    -9.59685     2.57175     5.60665   -27.09315

   I        11          12          13          14          15          16          17          18          19          20
 X(I)     1.12171    -0.51874    -3.40714     1.60534     0.49997    -2.89080     0.73416    -0.93521    -2.47300     0.12528
 G(I)   -55.83249   -10.55080   -11.12655     8.69484     4.90768    -3.94562    -4.49592   -24.18981     2.84381   -12.57456

   I        21          22          23          24
 X(I)     0.63337     0.41432     1.68905    -0.52604
 G(I)     7.68513    38.96577    32.85055     0.15442

 ANGLE COSINE   =  0.7308E+00
 ALPHA.P.G TEST =  0.5804E+01
 GRADIENT NORM  =  0.9477E+02

 TERMINATION TESTS ...
 FUNCTION EVALUATIONS =   3
 RELATIVE CHANGE IN X = 0.1092E-01
 ABSOLUTE CHANGE IN F = 0.1853E+01
 GRADIENT NORM        = 0.6422E+02

 TOTAL TIME             0.012 SECONDS


 *****

 AT THE BEGINNING OF CYCLE    2  THE FUNCTION VALUE IS   -102.17875
 THE CURRENT POINT IS ...

   I         1           2           3           4           5           6           7           8           9          10
 X(I)    -2.63630     1.01262     0.06512    -1.35923     1.80954     0.01338    -1.20058     2.96804     0.42731    -0.31238
 G(I)   -11.10541    -6.27966   -24.67382   -10.54090    12.83513    -0.82038    -3.50641    14.41980     8.91537    38.00201

   I        11          12          13          14          15          16          17          18          19          20
 X(I)     1.14114    -0.50947    -3.39327     1.59184     0.49202    -2.88043     0.74778    -0.87372    -2.48983     0.13548
 G(I)   -11.71430   -11.92590    -6.50859     3.14984     1.72650     6.92690     7.74033    21.83318     0.00473   -10.67256

   I        21          22          23          24
 X(I)     0.62463     0.39610     1.67021    -0.52666
 G(I)     5.67607   -13.27231    -9.47859    -0.73103

 ANGLE COSINE   =  0.8162E+00
 ALPHA.P.G TEST =  0.4393E+01

 TERMINATION TESTS ...
 FUNCTION EVALUATIONS =   4
 RELATIVE CHANGE IN X = 0.5466E-02
 ABSOLUTE CHANGE IN F = 0.9710E+00
 GRADIENT NORM        = 0.2519E+02

 TOTAL TIME             0.016 SECONDS


 *****

 AT THE BEGINNING OF CYCLE    3  THE FUNCTION VALUE IS   -103.14974
 THE CURRENT POINT IS ...

   I         1           2           3           4           5           6           7           8           9          10
 X(I)    -2.63309     1.01535     0.07380    -1.35649     1.80695     0.01345    -1.19519     2.96625     0.42390    -0.33065
 G(I)    -5.75624     2.16505    11.15075    11.59056    -2.02566   -11.62063    -2.69344     8.55803     6.41040     0.40432

   I        11          12          13          14          15          16          17          18          19          20
 X(I)     1.14899    -0.49971    -3.38399     1.58494     0.48801    -2.89062     0.73472    -0.89714    -2.49415     0.14420
 G(I)     1.00741     2.98847     1.41721    -3.98728    -2.80198    -0.73230    -0.87772    -3.94528    -2.25262    -1.74977

   I        21          22          23          24
 X(I)     0.61785     0.39581     1.66922    -0.52475
 G(I)    -0.55593    -1.97749    -3.09006    -1.62580

 ANGLE COSINE   =  0.6485E+00
 ALPHA.P.G TEST =  0.6853E+00

 TERMINATION TESTS ...
 FUNCTION EVALUATIONS =   5
 RELATIVE CHANGE IN X = 0.2422E-02
 ABSOLUTE CHANGE IN F = 0.1808E+00
 GRADIENT NORM        = 0.1203E+02

 TOTAL TIME             0.016 SECONDS


 *****

 AT THE BEGINNING OF CYCLE    4  THE FUNCTION VALUE IS   -103.33054
 THE CURRENT POINT IS ...

   I         1           2           3           4           5           6           7           8           9          10
 X(I)    -2.63058     1.01461     0.06916    -1.36201     1.80701     0.01635    -1.19211     2.96472     0.42092    -0.33484
 G(I)     1.79762    -0.36201     1.57744     3.06099     0.83435    -5.56828    -2.33635     3.37784     3.59413    -4.01364

   I        11          12          13          14          15          16          17          18          19          20
 X(I)     1.14916    -0.50087    -3.38464     1.58991     0.49174    -2.89091     0.73451    -0.89427    -2.48226     0.14645
 G(I)    -3.63747     1.79926    -2.35458     0.37633     0.04610     0.19546     0.29068     0.15664    -0.97191    -1.82533

   I        21          22          23          24
 X(I)     0.61768     0.39730     1.67138    -0.51862
 G(I)     0.14921     4.62240     0.94559    -1.75451

 ANGLE COSINE   =  0.5754E+00
 ALPHA.P.G TEST =  0.1287E+00

 TERMINATION TESTS ...
 FUNCTION EVALUATIONS =   6
 RELATIVE CHANGE IN X = 0.2592E-02
 ABSOLUTE CHANGE IN F = 0.7139E-01
 GRADIENT NORM        = 0.9673E+01

 TOTAL TIME             0.020 SECONDS


 *****

 AT THE BEGINNING OF CYCLE    5  THE FUNCTION VALUE IS   -103.40194
 THE CURRENT POINT IS ...

   I         1           2           3           4           5           6           7           8           9          10
 X(I)    -2.63009     1.01488     0.06693    -1.36624     1.80658     0.01945    -1.18710     2.96321     0.41737    -0.33389
 G(I)     3.15929     1.20947     0.99330    -5.46338     3.86915     0.82123    -1.73631    -0.58139     1.07782     4.16445

   I        11          12          13          14          15          16          17          18          19          20
 X(I)     1.15169    -0.50223    -3.38024     1.59043     0.49272    -2.89275     0.73195    -0.89599    -2.47083     0.15016
 G(I)    -1.81514    -0.87947    -0.83757     0.53591    -0.02519    -0.20797    -0.15368    -0.86114     0.24266    -0.84541

   I        21          22          23          24
 X(I)     0.61665     0.39516     1.67144    -0.50726
 G(I)     0.18939     0.67882    -2.21891    -1.31594

 ANGLE COSINE   =  0.4466E+00
 ALPHA.P.G TEST =  0.8582E-01

 TERMINATION TESTS ...
 FUNCTION EVALUATIONS =   7
 RELATIVE CHANGE IN X = 0.2038E-02
 ABSOLUTE CHANGE IN F = 0.3002E-01
 GRADIENT NORM        = 0.6301E+01

 TOTAL TIME             0.024 SECONDS


 *****

 AT THE BEGINNING OF CYCLE    6  THE FUNCTION VALUE IS   -103.43196
 THE CURRENT POINT IS ...

   I         1           2           3           4           5           6           7           8           9          10
 X(I)    -2.63095     1.01421     0.06466    -1.36542     1.80565     0.02093    -1.18224     2.96246     0.41488    -0.33724
 G(I)     0.22923    -0.55931    -2.54947     0.20380     2.67771     0.97541    -1.37556    -2.57910    -0.47049    -1.71065

   I        11          12          13          14          15          16          17          18          19          20
 X(I)     1.15398    -0.50198    -3.37678     1.58990     0.49335    -2.89288     0.73144    -0.89310    -2.46623     0.15305
 G(I)     1.37541     0.96080     0.21752     0.23339    -0.08676     0.53545     0.47955     2.00553     0.77835     0.10501

   I        21          22          23          24
 X(I)     0.61573     0.39354     1.67258    -0.49581
 G(I)    -0.03104     1.12186    -1.73265    -0.80400

 ANGLE COSINE   =  0.4868E+00
 ALPHA.P.G TEST =  0.4788E-01

 TERMINATION TESTS ...
 FUNCTION EVALUATIONS =   8
 RELATIVE CHANGE IN X = 0.9791E-03
 ABSOLUTE CHANGE IN F = 0.1720E-01
 GRADIENT NORM        = 0.3266E+01

 TOTAL TIME             0.024 SECONDS


 *****

 AT THE BEGINNING OF CYCLE    7  THE FUNCTION VALUE IS   -103.44916
 THE CURRENT POINT IS ...

   I         1           2           3           4           5           6           7           8           9          10
 X(I)    -2.63130     1.01410     0.06498    -1.36520     1.80509     0.02096    -1.17986     2.96274     0.41461    -0.33669
 G(I)     0.53545    -0.88604    -0.65577    -0.19324     1.20710     0.60679    -0.92989    -0.18329     0.20892    -0.97814

   I        11          12          13          14          15          16          17          18          19          20
 X(I)     1.15382    -0.50281    -3.37678     1.58987     0.49393    -2.89356     0.73082    -0.89515    -2.46949     0.15336
 G(I)     0.80446     0.27782     0.38278     0.01110     0.01387     0.10401    -0.06699     0.39558     0.38714     0.77711

   I        21          22          23          24
 X(I)     0.61577     0.39286     1.67395    -0.49030
 G(I)    -0.38407     0.69189    -1.66345    -0.46314

 ANGLE COSINE   =  0.5480E+00
 ALPHA.P.G TEST =  0.1343E-01

 TERMINATION TESTS ...
 FUNCTION EVALUATIONS =   9
 RELATIVE CHANGE IN X = 0.1581E-02
 ABSOLUTE CHANGE IN F = 0.1360E-01
 GRADIENT NORM        = 0.3153E+01

 TOTAL TIME             0.028 SECONDS


 *****

 AT THE BEGINNING OF CYCLE    8  THE FUNCTION VALUE IS   -103.46277
 THE CURRENT POINT IS ...

   I         1           2           3           4           5           6           7           8           9          10
 X(I)    -2.63219     1.01478     0.06511    -1.36451     1.80428     0.02099    -1.17563     2.96279     0.41374    -0.33561
 G(I)     0.04382    -0.19958     0.13753    -0.14095     0.00185     0.29783    -0.43777     2.25589     0.80906    -0.42536

   I        11          12          13          14          15          16          17          18          19          20
 X(I)     1.15349    -0.50381    -3.37719     1.58997     0.49451    -2.89418     0.73116    -0.89676    -2.47427     0.15275
 G(I)    -0.25379    -0.70665     0.70509    -0.49798     0.01459    -0.14853    -0.44447    -0.62139     0.08616     0.35794

   I        21          22          23          24
 X(I)     0.61661     0.39166     1.67699    -0.48107
 G(I)    -0.04239     0.31755    -1.21986     0.11142

 ANGLE COSINE   =  0.3671E+00
 ALPHA.P.G TEST =  0.1402E-01

 TERMINATION TESTS ...
 FUNCTION EVALUATIONS =  11
 RELATIVE CHANGE IN X = 0.2202E-02
 ABSOLUTE CHANGE IN F = 0.9776E-02
 GRADIENT NORM        = 0.3759E+01

 TOTAL TIME             0.028 SECONDS


 *****

 AT THE BEGINNING OF CYCLE    9  THE FUNCTION VALUE IS   -103.47254
 THE CURRENT POINT IS ...

   I         1           2           3           4           5           6           7           8           9          10
 X(I)    -2.63320     1.01577     0.06585    -1.36356     1.80316     0.02091    -1.16876     2.96180     0.41155    -0.33334
 G(I)     0.53997    -0.97561     0.10713     0.35117     0.13889    -0.11714     0.16120     2.76266     0.75607     0.21536

   I        11          12          13          14          15          16          17          18          19          20
 X(I)     1.15365    -0.50323    -3.37953     1.59202     0.49509    -2.89472     0.73409    -0.89705    -2.48163     0.15205
 G(I)    -0.36367    -1.21322    -0.16026    -0.23781     0.40357    -0.10870    -0.38521    -0.62362    -0.41939     0.10121

   I        21          22          23          24
 X(I)     0.61718     0.38958     1.68250    -0.47043
 G(I)     0.02602    -0.57934    -1.04047     0.66119

 ANGLE COSINE   =  0.5805E+00
 ALPHA.P.G TEST =  0.3683E-01

 TERMINATION TESTS ...
 FUNCTION EVALUATIONS =  13
 RELATIVE CHANGE IN X = 0.1405E-02
 ABSOLUTE CHANGE IN F = 0.1175E-01
 GRADIENT NORM        = 0.2690E+01

 TOTAL TIME             0.032 SECONDS


 *****

 AT THE BEGINNING OF CYCLE   10  THE FUNCTION VALUE IS   -103.48429
 THE CURRENT POINT IS ...

   I         1           2           3           4           5           6           7           8           9          10
 X(I)    -2.63418     1.01826     0.06734    -1.36392     1.80238     0.02068    -1.16508     2.95996     0.40949    -0.33127
 G(I)     0.00938     1.21826    -0.14606    -0.69701     1.01973    -0.31986     0.35889    -0.06571    -0.05679    -0.23144

   I        11          12          13          14          15          16          17          18          19          20
 X(I)     1.15395    -0.49972    -3.38095     1.59437     0.49338    -2.89491     0.73878    -0.89520    -2.48135     0.15128
 G(I)     0.31116    -0.31426     0.08739    -0.55967    -0.42146     0.27332     0.17297     0.29831     0.11119    -1.43054

   I        21          22          23          24
 X(I)     0.61725     0.38895     1.68766    -0.47253
 G(I)     0.64518     0.08828    -0.66620     0.31493

 ANGLE COSINE   =  0.5601E+00
 ALPHA.P.G TEST =  0.1623E-01

 TERMINATION TESTS ...
 FUNCTION EVALUATIONS =  14
 RELATIVE CHANGE IN X = 0.4593E-03
 ABSOLUTE CHANGE IN F = 0.3790E-02
 GRADIENT NORM        = 0.2268E+01

 TOTAL TIME             0.036 SECONDS


 *****

 AT THE BEGINNING OF CYCLE   11  THE FUNCTION VALUE IS   -103.48808
 THE CURRENT POINT IS ...

   I         1           2           3           4           5           6           7           8           9          10
 X(I)    -2.63441     1.01813     0.06760    -1.36364     1.80208     0.02074    -1.16478     2.95955     0.40907    -0.33049
 G(I)     0.23821    -0.15793     0.20978    -0.31273     1.55279    -0.31621     0.34692    -0.74995    -0.23248    -0.28173

   I        11          12          13          14          15          16          17          18          19          20
 X(I)     1.15393    -0.49868    -3.38132     1.59572     0.49364    -2.89553     0.73943    -0.89508    -2.48162     0.15220
 G(I)     0.54603    -0.02422    -0.42097    -0.10002    -0.19109     0.28218     0.19150     0.27915     0.06155    -0.62579

   I        21          22          23          24
 X(I)     0.61659     0.38876     1.68906    -0.47447
 G(I)     0.09532     0.08657    -0.65663     0.17975

 ANGLE COSINE   =  0.4488E+00
 ALPHA.P.G TEST =  0.3585E-02

 TERMINATION TESTS ...
 FUNCTION EVALUATIONS =  16
 RELATIVE CHANGE IN X = 0.1491E-02
 ABSOLUTE CHANGE IN F = 0.5791E-02
 GRADIENT NORM        = 0.2894E+01

 TOTAL TIME             0.040 SECONDS


 *****

 AT THE BEGINNING OF CYCLE   12  THE FUNCTION VALUE IS   -103.49387
 THE CURRENT POINT IS ...

   I         1           2           3           4           5           6           7           8           9          10
 X(I)    -2.63567     1.01919     0.06759    -1.36249     1.80038     0.02110    -1.16352     2.95857     0.40774    -0.32744
 G(I)     0.03298    -1.64537     0.95223     0.11574     1.17321    -0.32493     0.49443    -0.64003    -0.12204    -0.45134

   I        11          12          13          14          15          16          17          18          19          20
 X(I)     1.15334    -0.49577    -3.38088     1.59955     0.49471    -2.89883     0.74091    -0.89526    -2.48366     0.15491
 G(I)     0.19834     0.35011    -0.84520     0.27950     0.12955     0.11990    -0.06161    -0.12150     0.03746     0.75003

   I        21          22          23          24
 X(I)     0.61545     0.38785     1.69506    -0.47922
 G(I)    -0.74883     0.49601    -0.05408    -0.11459

 ANGLE COSINE   =  0.4449E+00
 ALPHA.P.G TEST =  0.1472E-01

 TERMINATION TESTS ...
 FUNCTION EVALUATIONS =  18
 RELATIVE CHANGE IN X = 0.9080E-03
 ABSOLUTE CHANGE IN F = 0.4488E-02
 GRADIENT NORM        = 0.1089E+01

 TOTAL TIME             0.040 SECONDS


 *****

 AT THE BEGINNING OF CYCLE   13  THE FUNCTION VALUE IS   -103.49836
 THE CURRENT POINT IS ...

   I         1           2           3           4           5           6           7           8           9          10
 X(I)    -2.63615     1.02097     0.06629    -1.36149     1.79911     0.02151    -1.16429     2.95839     0.40723    -0.32554
 G(I)    -0.48245     0.40252    -0.10973     0.02534     0.14888     0.04227     0.36302     0.42419     0.16372     0.27512

   I        11          12          13          14          15          16          17          18          19          20
 X(I)     1.15288    -0.49508    -3.37866     1.60114     0.49550    -2.90152     0.74158    -0.89552    -2.48637     0.15569
 G(I)    -0.18575     0.02735    -0.12745    -0.42636     0.03626    -0.07739    -0.26816    -0.06989     0.07395    -0.04335

   I        21          22          23          24
 X(I)     0.61628     0.38686     1.69813    -0.48002
 G(I)     0.00754    -0.05013    -0.05197    -0.09752

 ANGLE COSINE   =  0.5126E+00
 ALPHA.P.G TEST =  0.3889E-02

 TERMINATION TESTS ...
 FUNCTION EVALUATIONS =  19
 RELATIVE CHANGE IN X = 0.2287E-03
 ABSOLUTE CHANGE IN F = 0.8536E-03
 GRADIENT NORM        = 0.8028E+00

 TEST ON GNORM SATISFIED

 TOTAL TIME             0.044 SECONDS



     CONF_1                                                                          
     CH3COOH                                                                         



     EIGENVALUES AND EIGENVECTORS.


                         1           2           3           4           5           6           7           8           9

                    -45.37212   -40.93146   -25.59926   -20.58202   -17.87295   -16.05012   -15.77749   -13.91978   -13.68873

  1  C (1)   s       -0.02628    -0.01993    -0.70184    -0.42335     0.00204    -0.12072    -0.00097     0.00076    -0.00051
  2  C (1)   x       -0.01289     0.00140    -0.06988     0.20735    -0.05274     0.27503    -0.09627    -0.57709    -0.16550
  3  C (1)   y        0.00202    -0.01909    -0.02806     0.07706     0.15428     0.36539     0.14392     0.34192     0.22939
  4  C (1)   z        0.00413    -0.00758     0.00774    -0.02587     0.07154     0.06943    -0.37511     0.27983    -0.62827

  5  C (2)   s       -0.20618    -0.18417    -0.46573     0.42452     0.24033     0.12107     0.00138    -0.08809     0.00004
  6  C (2)   x       -0.10161     0.00612     0.15488     0.23522    -0.05141    -0.43111    -0.11989     0.18679     0.02220
  7  C (2)   y        0.02138    -0.16297     0.14045    -0.02278     0.34858     0.02498     0.16447     0.17409    -0.02721
  8  C (2)   z        0.03488    -0.06309     0.01179    -0.07065     0.14407     0.12770    -0.43813     0.01556     0.08486

  9  O (3)   s       -0.21154    -0.92665     0.12835    -0.13417    -0.20146    -0.02007     0.00018    -0.03350    -0.00100
 10  O (3)   x       -0.02071     0.01976     0.07864     0.06055    -0.11489    -0.41171    -0.09992     0.12228     0.02529
 11  O (3)   y        0.05292     0.10572     0.12364    -0.24085    -0.45276    -0.05553     0.13830    -0.14790    -0.04328
 12  O (3)   z        0.02544     0.03467     0.02573    -0.10684    -0.14105     0.09135    -0.36378    -0.08898     0.10029

 13  O (4)   s       -0.92138     0.24694     0.06304    -0.07563    -0.13031     0.12640     0.00092     0.07804     0.00130
 14  O (4)   x       -0.02203     0.01477     0.27492    -0.49487     0.47027     0.07301    -0.14588    -0.20734     0.12661
 15  O (4)   y       -0.12250    -0.00701     0.01843     0.12527     0.40887    -0.48848     0.20267    -0.23580    -0.18445
 16  O (4)   z       -0.03998    -0.00663    -0.06599     0.17832     0.02800    -0.19770    -0.55293    -0.03325     0.47498

 17  H (5)   s       -0.00038    -0.00875    -0.18079    -0.20357     0.06816    -0.04292    -0.00358     0.44158    -0.00798

 18  H (6)   s       -0.00552     0.00127    -0.18987    -0.17449    -0.05239    -0.18473     0.18192    -0.10463     0.34265

 19  H (7)   s       -0.00565     0.00140    -0.19009    -0.17370    -0.05457    -0.18214    -0.18242    -0.11416    -0.33336

 20  H (8)   s       -0.17291     0.04310     0.11490    -0.19712     0.26548    -0.06723    -0.00050    -0.16711    -0.00181



                        10          11          12          13          14          15          16          17          18

                    -13.35769   -11.97650   -11.03990     1.22682     4.37022     4.80454     5.10710     5.11947     5.63409

  1  C (1)   s        0.03105     0.00015    -0.07863    -0.00009     0.12694     0.42443    -0.00011    -0.14761    -0.19027
  2  C (1)   x        0.06364     0.04022    -0.26316     0.00438    -0.41520    -0.08267    -0.12829    -0.38546    -0.11479
  3  C (1)   y        0.49595    -0.05627    -0.17480    -0.00697    -0.35526     0.09109     0.18607     0.32153    -0.12804
  4  C (1)   z        0.16058     0.15025     0.00448     0.01770    -0.02206     0.04969    -0.52508     0.20788    -0.01806

  5  C (2)   s        0.03224     0.00004    -0.06985     0.00055     0.41820    -0.41162    -0.00083     0.23661    -0.06198
  6  C (2)   x       -0.09610    -0.06130     0.13694    -0.19693     0.04909    -0.15986     0.03811    -0.10055    -0.37572
  7  C (2)   y       -0.36128     0.08690     0.05305     0.28113    -0.17899     0.15629    -0.04925     0.01515    -0.08919
  8  C (2)   z       -0.10905    -0.23147    -0.01627    -0.74617    -0.08009     0.10206     0.12194     0.03621     0.06525

  9  O (3)   s        0.08185     0.00007     0.00537    -0.00002    -0.03035     0.03086     0.00038    -0.03066     0.01768
 10  O (3)   x        0.03079    -0.18478    -0.83092     0.11502     0.00849     0.01490    -0.01411     0.05872     0.04718
 11  O (3)   y        0.41966     0.26466     0.06569    -0.16389     0.16440    -0.16285     0.01495     0.18197    -0.13848
 12  O (3)   z        0.15285    -0.69964     0.24412     0.43546     0.05968    -0.06575    -0.04698     0.05169    -0.06459

 13  O (4)   s       -0.09159    -0.00000     0.01151     0.00004    -0.08787     0.07528    -0.00067    -0.01725    -0.07028
 14  O (4)   x        0.01441     0.13137    -0.18844     0.05857     0.18053    -0.25846    -0.00414     0.02462    -0.42637
 15  O (4)   y        0.43949    -0.18524     0.22316    -0.08264    -0.18845     0.16462     0.00814    -0.02906    -0.09054
 16  O (4)   z        0.16807     0.49540     0.13337     0.21951    -0.11831     0.12989    -0.02712    -0.01823     0.07943

 17  H (5)   s        0.18876     0.00131     0.04597     0.00199    -0.18810    -0.53621     0.02680    -0.56162     0.13977

 18  H (6)   s       -0.18852    -0.09310     0.05258    -0.13667    -0.37452    -0.26834    -0.58082     0.33727     0.05421

 19  H (7)   s       -0.20176     0.09172     0.05276     0.13488    -0.37951    -0.25238     0.55942     0.37815     0.05365

 20  H (8)   s        0.14681    -0.00001    -0.04504    -0.00046     0.16723    -0.02735     0.00002     0.03150     0.72402



                        19          20
                      6.71140     8.29091

  1  C (1)   s        0.18074    -0.13586
  2  C (1)   x        0.16452    -0.21070
  3  C (1)   y        0.27084    -0.05792
  4  C (1)   z        0.05891     0.03403

  5  C (2)   s       -0.12724    -0.14143
  6  C (2)   x        0.59556    -0.25719
  7  C (2)   y       -0.23951    -0.65432
  8  C (2)   z       -0.24803    -0.17865

  9  O (3)   s        0.04024     0.09223
 10  O (3)   x       -0.18127    -0.05729
 11  O (3)   y       -0.22734    -0.47613
 12  O (3)   z       -0.03778    -0.16460

 13  O (4)   s       -0.11620     0.02620
 14  O (4)   x        0.05052     0.17682
 15  O (4)   y       -0.25665     0.10359
 16  O (4)   z       -0.10931    -0.00793

 17  H (5)   s       -0.16477    -0.02781

 18  H (6)   s        0.04199     0.03789

 19  H (7)   s        0.04365     0.03903

 20  H (8)   s        0.40174    -0.27271




     SCF HEAT OF FORMATION     -103.49921 KCAL/MOL
     SCF BINDING ENERGY         -33.51135 EV
     SCF TOTAL ENERGY          -986.26595 EV
     ELECTRONIC ENERGY        -2563.34896 EV
     NUCLEAR ENERGY            1577.08301 EV
     IONIZATION ENERGY           11.03990 EV
     SCF CYCLES                   2



     NET ATOMIC CHARGES AND ORBITAL POPULATIONS.

     ATOM    I        CHARGE      DENSITY        S          PX          PY          PZ

      C      1       -1.14580     5.14580     1.38926     1.14217     1.26867     1.34571
      C      2        0.79951     3.20049     1.11930     0.71937     0.73677     0.62505
      O      3       -0.56967     6.56967     1.97350     1.88892     1.17740     1.52985
      O      4       -0.78907     6.78907     1.93437     1.36188     1.68970     1.80312
      H      5        0.37299     0.62701     0.62701
      H      6        0.37636     0.62364     0.62364
      H      7        0.37633     0.62367     0.62367
      H      8        0.57935     0.42065     0.42065



     DIPOLE              X           Y           Z         TOTAL

     POINT-CHARGE    -1.01758    -1.95461    -0.47201     2.25361
     HYBRID           0.54738     0.12649    -0.09806     0.57030
     SUM             -0.47020    -1.82812    -0.57007     1.97182



 CONF_1                                                                          
 CH3COOH                                                                         



 OPTIMIZATION FINISHED AFTER  13 CYCLES AND  20 FUNCTION EVALUATIONS

 FINAL HEAT OF FORMATION     -103.49921 KCAL/MOL



 FINAL VARIABLES AND GRADIENTS


   I         1           2           3           4           5           6           7           8           9          10
 X(I)    -2.63606     1.02108     0.06625    -1.36144     1.79888     0.02158    -1.16472     2.95826     0.40704    -0.32540
 G(I)    -0.23133     0.27809    -0.22908     0.00076     0.18914     0.08856     0.29333     0.24997     0.10004     0.10356

   I        11          12          13          14          15          16          17          18          19          20
 X(I)     1.15290    -0.49494    -3.37810     1.60201     0.49548    -2.90178     0.74246    -0.89552    -2.48704     0.15587
 G(I)    -0.23424     0.04411    -0.14299    -0.34798     0.04803    -0.06909    -0.17784     0.00834     0.05206     0.01158

   I        21          22          23          24
 X(I)     0.61636     0.38672     1.69867    -0.47986
 G(I)     0.02221    -0.00629     0.03127    -0.08221



 FINAL OPTIMIZED GRADIENT NORM                0.80277

 FINAL CARTESIAN GRADIENT NORM                0.80277




      ATOM      ATOMIC              X-COORDINATE         Y-COORDINATE         Z-COORDINATE
     NUMBER     NUMBER               (ANGSTROMS)          (ANGSTROMS)          (ANGSTROMS)

        1          6                  -2.63606 *            1.02108 *            0.06625 *
        2          6                  -1.36144 *            1.79888 *            0.02158 *
        3          8                  -1.16472 *            2.95826 *            0.40704 *
        4          8                  -0.32540 *            1.15290 *           -0.49494 *
        5          1                  -3.37810 *            1.60201 *            0.49548 *
        6          1                  -2.90178 *            0.74246 *           -0.89552 *
        7          1                  -2.48704 *            0.15587 *            0.61636 *
        8          1                   0.38672 *            1.69867 *           -0.47986 *



 INTERATOMIC DISTANCES (ANGSTROMS)



             1           2           3           4           5           6           7           8
 ----------------------------------------------------------------------------------------------------
   1      0.00000
   2      1.49386     0.00000
   3      2.45635     1.23752     0.00000
   4      2.38148     1.32569     2.18572     0.00000
   5      1.03554     2.08093     2.59737     3.24062     0.00000
   6      1.03597     2.08080     3.10223     2.63944     1.70311     0.00000
   7      1.03606     2.07851     3.10576     2.62712     1.70291     1.67388     0.00000
   8      3.14556     1.82141     2.18635     0.89733     3.89031     3.44982     3.44099     0.00000



 CH3COOH                                                                         

 COMPARISON OF THEORETICAL AND EXPERIMENTAL RESULTS.

 PROPERTY DEFINITION  CALCULATED   OBSERVED  DEVIATION
 ID1 ID4 ID5 ID6 ID7     VALUE       VALUE    CALC-OBS

   1   0   0   0   0  -103.49921 -103.50000    0.00079   Ref: Heat of formation 
   2   2   1   0   0     1.49386    1.49770   -0.00384   Ref: Bond              
   3   6   1   7   0   107.77187  107.64000    0.13187   Ref: Angle             
   4   3   2   1   5    -0.69132    0.01000   -0.70132   Ref: Dihed             
  22   0   0   0   0     0.80277    0.00000    0.80277   CNORM                  



 COMPUTATION TIME                 0.044 SECONDS


